Component: Arm Compiler for Embedded 6.18 Tool: armlink [5e4cc100]

==============================================================================

Section Cross References

    main.o(.text.BMP280_Reset) refers to delay.o(.text.DelayMicro) for DelayMicro
    main.o(.ARM.exidx.text.BMP280_Reset) refers to main.o(.text.BMP280_Reset) for [Anonymous Symbol]
    main.o(.ARM.exidx.text.bmp280_compensate_T_int32) refers to main.o(.text.bmp280_compensate_T_int32) for [Anonymous Symbol]
    main.o(.text.bmp280_compensate_P_int64) refers to llsdiv.o(.text) for __aeabi_ldivmod
    main.o(.ARM.exidx.text.bmp280_compensate_P_int64) refers to main.o(.text.bmp280_compensate_P_int64) for [Anonymous Symbol]
    main.o(.ARM.exidx.text.count_digits) refers to main.o(.text.count_digits) for [Anonymous Symbol]
    main.o(.text.float_to_string) refers to ffix.o(x$fpl$ffix) for __aeabi_f2iz
    main.o(.text.float_to_string) refers to fflt_clz.o(x$fpl$fflt) for __aeabi_i2f
    main.o(.text.float_to_string) refers to faddsub_clz.o(x$fpl$fsub) for __aeabi_fsub
    main.o(.text.float_to_string) refers to main.o(.text.count_digits) for count_digits
    main.o(.text.float_to_string) refers to fmul.o(x$fpl$fmul) for __aeabi_fmul
    main.o(.ARM.exidx.text.float_to_string) refers to main.o(.text.float_to_string) for [Anonymous Symbol]
    main.o(.text.char_to_symbol) refers to ssd1306.o(.data.HexSym) for HexSym
    main.o(.ARM.exidx.text.char_to_symbol) refers to main.o(.text.char_to_symbol) for [Anonymous Symbol]
    main.o(.text.PrintSymbols) refers to main.o(.text.float_to_string) for float_to_string
    main.o(.text.PrintSymbols) refers to main.o(.text.char_to_symbol) for char_to_symbol
    main.o(.text.PrintSymbols) refers to ssd1306.o(.text.OLED_FillBuffer) for OLED_FillBuffer
    main.o(.text.PrintSymbols) refers to ssd1306.o(.text.OLED_SendBuffer) for OLED_SendBuffer
    main.o(.ARM.exidx.text.PrintSymbols) refers to main.o(.text.PrintSymbols) for [Anonymous Symbol]
    main.o(.text.main) refers to system_stm32f10x.o(.data.SystemCoreClock) for SystemCoreClock
    main.o(.text.main) refers to main.o(.text.SysTick_Config) for SysTick_Config
    main.o(.text.main) refers to gpio_init.o(.text.GPIO_Init) for GPIO_Init
    main.o(.text.main) refers to i2c.o(.text.I2C_Init) for I2C_Init
    main.o(.text.main) refers to ssd1306.o(.text.OLED_Init) for OLED_Init
    main.o(.text.main) refers to ssd1306.o(.data.HexSym) for HexSym
    main.o(.text.main) refers to ssd1306.o(.text.OLED_FillBuffer) for OLED_FillBuffer
    main.o(.text.main) refers to ssd1306.o(.text.OLED_SendBuffer) for OLED_SendBuffer
    main.o(.text.main) refers to ds18b20.o(.text.ds18b20_PortInit) for ds18b20_PortInit
    main.o(.text.main) refers to ds18b20.o(.text.ds18b20_Reset) for ds18b20_Reset
    main.o(.text.main) refers to ds18b20.o(.text.ds18b20_ReadROM) for ds18b20_ReadROM
    main.o(.text.main) refers to ds18b20.o(.text.Compute_CRC8) for Compute_CRC8
    main.o(.text.main) refers to ds18b20.o(.text.ds18b20_Init_R12) for ds18b20_Init_R12
    main.o(.text.main) refers to i2c.o(.text.I2C_WriteData) for I2C_WriteData
    main.o(.text.main) refers to delay.o(.text.DelayMicro) for DelayMicro
    main.o(.text.main) refers to i2c.o(.text.I2C_ReadData) for I2C_ReadData
    main.o(.text.main) refers to ds18b20.o(.text.ds18b20_ConvertTemp) for ds18b20_ConvertTemp
    main.o(.text.main) refers to ds18b20.o(.text.ds18b20_ReadStratchpad) for ds18b20_ReadStratchpad
    main.o(.text.main) refers to main.o(.bss.raw_temp) for raw_temp
    main.o(.text.main) refers to dflt_clz.o(x$fpl$dflt) for __aeabi_i2d
    main.o(.text.main) refers to dmul.o(x$fpl$dmul) for __aeabi_dmul
    main.o(.text.main) refers to d2f.o(x$fpl$d2f) for __aeabi_d2f
    main.o(.text.main) refers to main.o(.bss.temp) for temp
    main.o(.text.main) refers to dht22.o(.text.DHT22_Start) for DHT22_Start
    main.o(.text.main) refers to dht22.o(.text.DHT22_ReadByte) for DHT22_ReadByte
    main.o(.text.main) refers to main.o(.bss.dht22_data) for dht22_data
    main.o(.text.main) refers to fflt_clz.o(x$fpl$fflt) for __aeabi_i2f
    main.o(.text.main) refers to fdiv.o(x$fpl$fdiv) for __aeabi_fdiv
    main.o(.text.main) refers to faddsub_clz.o(x$fpl$fadd) for __aeabi_fadd
    main.o(.text.main) refers to main.o(.bss.hum) for hum
    main.o(.text.main) refers to main.o(.bss.temp_dht22) for temp_dht22
    main.o(.text.main) refers to main.o(.bss.adc_P) for adc_P
    main.o(.text.main) refers to main.o(.bss.adc_T) for adc_T
    main.o(.text.main) refers to main.o(.text.bmp280_compensate_T_int32) for bmp280_compensate_T_int32
    main.o(.text.main) refers to ddiv.o(x$fpl$ddiv) for __aeabi_ddiv
    main.o(.text.main) refers to main.o(.bss.bmp280_temp) for bmp280_temp
    main.o(.text.main) refers to main.o(.text.bmp280_compensate_P_int64) for bmp280_compensate_P_int64
    main.o(.text.main) refers to dflt_clz.o(x$fpl$dfltu) for __aeabi_ui2d
    main.o(.text.main) refers to daddsub_clz.o(x$fpl$dadd) for __aeabi_dadd
[...]
    llsdiv.o(.text) refers to lludivv7m.o(.text) for __aeabi_uldivmod
    __main.o(!!!main) refers to __rtentry.o(.ARM.Collect$$rtentry$$00000000) for __rt_entry
    d2f.o(x$fpl$d2f) refers (Special) to usenofp.o(x$fpl$usenofp) for __I$use$fp
    d2f.o(x$fpl$d2f) refers to fretinf.o(x$fpl$fretinf) for __fpl_fretinf
    d2f.o(x$fpl$d2f) refers to dnaninf.o(x$fpl$dnaninf) for __fpl_dnaninf
    daddsub_clz.o(x$fpl$dadd) refers (Special) to usenofp.o(x$fpl$usenofp) for __I$use$fp
    daddsub_clz.o(x$fpl$dadd) refers to daddsub_clz.o(x$fpl$dsub) for _dsub1
    daddsub_clz.o(x$fpl$dadd) refers to dretinf.o(x$fpl$dretinf) for __fpl_dretinf
    daddsub_clz.o(x$fpl$dadd) refers to dnaninf.o(x$fpl$dnaninf) for __fpl_dnaninf
    daddsub_clz.o(x$fpl$drsb) refers (Special) to usenofp.o(x$fpl$usenofp) for __I$use$fp
    daddsub_clz.o(x$fpl$drsb) refers to daddsub_clz.o(x$fpl$dadd) for _dadd1
    daddsub_clz.o(x$fpl$drsb) refers to daddsub_clz.o(x$fpl$dsub) for _dsub1
    daddsub_clz.o(x$fpl$dsub) refers (Special) to usenofp.o(x$fpl$usenofp) for __I$use$fp
    daddsub_clz.o(x$fpl$dsub) refers to daddsub_clz.o(x$fpl$dadd) for _dadd1
    daddsub_clz.o(x$fpl$dsub) refers to dnaninf.o(x$fpl$dnaninf) for __fpl_dnaninf
    ddiv.o(x$fpl$drdiv) refers (Special) to usenofp.o(x$fpl$usenofp) for __I$use$fp
    ddiv.o(x$fpl$drdiv) refers to ddiv.o(x$fpl$ddiv) for ddiv_entry
    ddiv.o(x$fpl$ddiv) refers (Special) to usenofp.o(x$fpl$usenofp) for __I$use$fp
    ddiv.o(x$fpl$ddiv) refers to dretinf.o(x$fpl$dretinf) for __fpl_dretinf
    ddiv.o(x$fpl$ddiv) refers to dnaninf.o(x$fpl$dnaninf) for __fpl_dnaninf
    dflt_clz.o(x$fpl$dfltu) refers (Special) to usenofp.o(x$fpl$usenofp) for __I$use$fp
    dflt_clz.o(x$fpl$dflt) refers (Special) to usenofp.o(x$fpl$usenofp) for __I$use$fp
    dflt_clz.o(x$fpl$dfltn) refers (Special) to usenofp.o(x$fpl$usenofp) for __I$use$fp
    dmul.o(x$fpl$dmul) refers (Special) to usenofp.o(x$fpl$usenofp) for __I$use$fp
    dmul.o(x$fpl$dmul) refers to dretinf.o(x$fpl$dretinf) for __fpl_dretinf
    dmul.o(x$fpl$dmul) refers to dnaninf.o(x$fpl$dnaninf) for __fpl_dnaninf
    faddsub_clz.o(x$fpl$fadd) refers (Special) to usenofp.o(x$fpl$usenofp) for __I$use$fp
    faddsub_clz.o(x$fpl$fadd) refers to faddsub_clz.o(x$fpl$fsub) for _fsub1
    faddsub_clz.o(x$fpl$fadd) refers to fretinf.o(x$fpl$fretinf) for __fpl_fretinf
    faddsub_clz.o(x$fpl$fadd) refers to fnaninf.o(x$fpl$fnaninf) for __fpl_fnaninf
    faddsub_clz.o(x$fpl$frsb) refers (Special) to usenofp.o(x$fpl$usenofp) for __I$use$fp
    faddsub_clz.o(x$fpl$frsb) refers to faddsub_clz.o(x$fpl$fadd) for _fadd1
    faddsub_clz.o(x$fpl$frsb) refers to faddsub_clz.o(x$fpl$fsub) for _fsub1
    faddsub_clz.o(x$fpl$fsub) refers (Special) to usenofp.o(x$fpl$usenofp) for __I$use$fp
    faddsub_clz.o(x$fpl$fsub) refers to faddsub_clz.o(x$fpl$fadd) for _fadd1
    faddsub_clz.o(x$fpl$fsub) refers to fnaninf.o(x$fpl$fnaninf) for __fpl_fnaninf
    fdiv.o(x$fpl$frdiv) refers (Special) to usenofp.o(x$fpl$usenofp) for __I$use$fp
    fdiv.o(x$fpl$frdiv) refers to fdiv.o(x$fpl$fdiv) for _fdiv1
    fdiv.o(x$fpl$fdiv) refers (Special) to usenofp.o(x$fpl$usenofp) for __I$use$fp
    fdiv.o(x$fpl$fdiv) refers to fretinf.o(x$fpl$fretinf) for __fpl_fretinf
    fdiv.o(x$fpl$fdiv) refers to fnaninf.o(x$fpl$fnaninf) for __fpl_fnaninf
    ffix.o(x$fpl$ffix) refers (Special) to usenofp.o(x$fpl$usenofp) for __I$use$fp
    ffix.o(x$fpl$ffix) refers to fnaninf.o(x$fpl$fnaninf) for __fpl_fnaninf
    ffix.o(x$fpl$ffixr) refers (Special) to usenofp.o(x$fpl$usenofp) for __I$use$fp
    ffix.o(x$fpl$ffixr) refers to fnaninf.o(x$fpl$fnaninf) for __fpl_fnaninf
    fflt_clz.o(x$fpl$ffltu) refers (Special) to usenofp.o(x$fpl$usenofp) for __I$use$fp
    fflt_clz.o(x$fpl$fflt) refers (Special) to usenofp.o(x$fpl$usenofp) for __I$use$fp
    fflt_clz.o(x$fpl$ffltn) refers (Special) to usenofp.o(x$fpl$usenofp) for __I$use$fp
    fmul.o(x$fpl$fmul) refers (Special) to usenofp.o(x$fpl$usenofp) for __I$use$fp
    fmul.o(x$fpl$fmul) refers to fretinf.o(x$fpl$fretinf) for __fpl_fretinf
    fmul.o(x$fpl$fmul) refers to fnaninf.o(x$fpl$fnaninf) for __fpl_fnaninf
    __rtentry.o(.ARM.Collect$$rtentry$$00000000) refers (Special) to __rtentry2.o(.ARM.Collect$$rtentry$$0000000A) for __rt_entry_li
    __rtentry.o(.ARM.Collect$$rtentry$$00000000) refers (Special) to __rtentry2.o(.ARM.Collect$$rtentry$$0000000D) for __rt_entry_main
    __rtentry.o(.ARM.Collect$$rtentry$$00000000) refers (Special) to __rtentry2.o(.ARM.Collect$$rtentry$$0000000C) for __rt_entry_postli_1
    __rtentry.o(.ARM.Collect$$rtentry$$00000000) refers (Special) to __rtentry2.o(.ARM.Collect$$rtentry$$00000009) for __rt_entry_postsh_1
    __rtentry.o(.ARM.Collect$$rtentry$$00000000) refers (Special) to __rtentry2.o(.ARM.Collect$$rtentry$$00000002) for __rt_entry_presh_1
    __rtentry.o(.ARM.Collect$$rtentry$$00000000) refers (Special) to __rtentry4.o(.ARM.Collect$$rtentry$$00000004) for __rt_entry_sh
    aeabi_ldiv0_sigfpe.o(.text) refers to rt_div0.o(.text) for __rt_div0
    dnaninf.o(x$fpl$dnaninf) refers (Special) to usenofp.o(x$fpl$usenofp) for __I$use$fp
    dretinf.o(x$fpl$dretinf) refers (Special) to usenofp.o(x$fpl$usenofp) for __I$use$fp
    fnaninf.o(x$fpl$fnaninf) refers (Special) to usenofp.o(x$fpl$usenofp) for __I$use$fp
    fretinf.o(x$fpl$fretinf) refers (Special) to usenofp.o(x$fpl$usenofp) for __I$use$fp
    __rtentry2.o(.ARM.Collect$$rtentry$$00000008) refers to boardinit2.o(.text) for _platform_post_stackheap_init
    __rtentry2.o(.ARM.Collect$$rtentry$$0000000A) refers to libinit.o(.ARM.Collect$$libinit$$00000000) for __rt_lib_init
    __rtentry2.o(.ARM.Collect$$rtentry$$0000000B) refers to boardinit3.o(.text) for _platform_post_lib_init
    __rtentry2.o(.ARM.Collect$$rtentry$$0000000D) refers to main.o(.text.main) for main
    __rtentry2.o(.ARM.Collect$$rtentry$$0000000D) refers to exit.o(.text) for exit
    __rtentry2.o(.ARM.exidx) refers to __rtentry2.o(.ARM.Collect$$rtentry$$00000001) for .ARM.Collect$$rtentry$$00000001
    __rtentry2.o(.ARM.exidx) refers to __rtentry2.o(.ARM.Collect$$rtentry$$00000008) for .ARM.Collect$$rtentry$$00000008
    __rtentry2.o(.ARM.exidx) refers to __rtentry2.o(.ARM.Collect$$rtentry$$0000000A) for .ARM.Collect$$rtentry$$0000000A
    __rtentry2.o(.ARM.exidx) refers to __rtentry2.o(.ARM.Collect$$rtentry$$0000000B) for .ARM.Collect$$rtentry$$0000000B
    __rtentry2.o(.ARM.exidx) refers to __rtentry2.o(.ARM.Collect$$rtentry$$0000000D) for .ARM.Collect$$rtentry$$0000000D
    __rtentry4.o(.ARM.Collect$$rtentry$$00000004) refers to sys_stackheap_outer.o(.text) for __user_setup_stackheap
    __rtentry4.o(.ARM.exidx) refers to __rtentry4.o(.ARM.Collect$$rtentry$$00000004) for .ARM.Collect$$rtentry$$00000004
    rt_div0.o(.text) refers to defsig_fpe_outer.o(.text) for __rt_SIGFPE
    sys_stackheap_outer.o(.text) refers to libspace.o(.text) for __user_perproc_libspace
    sys_stackheap_outer.o(.text) refers to startup_stm32f10x_md.o(.text) for __user_initial_stackheap
    exit.o(.text) refers to rtexit.o(.ARM.Collect$$rtexit$$00000000) for __rt_exit
    defsig_fpe_outer.o(.text) refers to defsig_fpe_inner.o(.text) for __rt_SIGFPE_inner
    defsig_fpe_outer.o(.text) refers to defsig_exit.o(.text) for __sig_exit
    defsig_fpe_formal.o(.text) refers to rt_raise.o(.text) for __rt_raise
    libinit.o(.ARM.Collect$$libinit$$00000000) refers (Special) to libinit2.o(.ARM.Collect$$libinit$$00000030) for __rt_lib_init_alloca_1
    libinit.o(.ARM.Collect$$libinit$$00000000) refers (Special) to libinit2.o(.ARM.Collect$$libinit$$0000002E) for __rt_lib_init_argv_1
    libinit.o(.ARM.Collect$$libinit$$00000000) refers (Special) to libinit2.o(.ARM.Collect$$libinit$$0000001D) for __rt_lib_init_atexit_1
    libinit.o(.ARM.Collect$$libinit$$00000000) refers (Special) to libinit2.o(.ARM.Collect$$libinit$$00000023) for __rt_lib_init_clock_1
    libinit.o(.ARM.Collect$$libinit$$00000000) refers (Special) to libinit2.o(.ARM.Collect$$libinit$$00000034) for __rt_lib_init_cpp_1
    libinit.o(.ARM.Collect$$libinit$$00000000) refers (Special) to libinit2.o(.ARM.Collect$$libinit$$00000032) for __rt_lib_init_exceptions_1
    libinit.o(.ARM.Collect$$libinit$$00000000) refers (Special) to libinit2.o(.ARM.Collect$$libinit$$00000002) for __rt_lib_init_fp_1
    libinit.o(.ARM.Collect$$libinit$$00000000) refers (Special) to libinit2.o(.ARM.Collect$$libinit$$00000021) for __rt_lib_init_fp_trap_1
    libinit.o(.ARM.Collect$$libinit$$00000000) refers (Special) to libinit2.o(.ARM.Collect$$libinit$$00000025) for __rt_lib_init_getenv_1
    libinit.o(.ARM.Collect$$libinit$$00000000) refers (Special) to libinit2.o(.ARM.Collect$$libinit$$0000000C) for __rt_lib_init_heap_1
    libinit.o(.ARM.Collect$$libinit$$00000000) refers (Special) to libinit2.o(.ARM.Collect$$libinit$$00000013) for __rt_lib_init_lc_collate_1
    libinit.o(.ARM.Collect$$libinit$$00000000) refers (Special) to libinit2.o(.ARM.Collect$$libinit$$00000015) for __rt_lib_init_lc_ctype_1
    libinit.o(.ARM.Collect$$libinit$$00000000) refers (Special) to libinit2.o(.ARM.Collect$$libinit$$00000017) for __rt_lib_init_lc_monetary_1
    libinit.o(.ARM.Collect$$libinit$$00000000) refers (Special) to libinit2.o(.ARM.Collect$$libinit$$00000019) for __rt_lib_init_lc_numeric_1
    libinit.o(.ARM.Collect$$libinit$$00000000) refers (Special) to libinit2.o(.ARM.Collect$$libinit$$0000001B) for __rt_lib_init_lc_time_1
    libinit.o(.ARM.Collect$$libinit$$00000000) refers (Special) to libinit2.o(.ARM.Collect$$libinit$$00000006) for __rt_lib_init_preinit_1
    libinit.o(.ARM.Collect$$libinit$$00000000) refers (Special) to libinit2.o(.ARM.Collect$$libinit$$00000010) for __rt_lib_init_rand_1
    libinit.o(.ARM.Collect$$libinit$$00000000) refers (Special) to libinit2.o(.ARM.Collect$$libinit$$00000004) for __rt_lib_init_relocate_pie_1
    libinit.o(.ARM.Collect$$libinit$$00000000) refers (Special) to libinit2.o(.ARM.Collect$$libinit$$00000035) for __rt_lib_init_return
    libinit.o(.ARM.Collect$$libinit$$00000000) refers (Special) to libinit2.o(.ARM.Collect$$libinit$$0000001F) for __rt_lib_init_signal_1
    libinit.o(.ARM.Collect$$libinit$$00000000) refers (Special) to libinit2.o(.ARM.Collect$$libinit$$00000027) for __rt_lib_init_stdio_1
    libinit.o(.ARM.Collect$$libinit$$00000000) refers (Special) to libinit2.o(.ARM.Collect$$libinit$$0000000E) for __rt_lib_init_user_alloc_1
    libspace.o(.text) refers to libspace.o(.bss) for __libspace_start
    rtexit.o(.ARM.Collect$$rtexit$$00000000) refers (Special) to rtexit2.o(.ARM.Collect$$rtexit$$00000004) for __rt_exit_exit
    rtexit.o(.ARM.Collect$$rtexit$$00000000) refers (Special) to rtexit2.o(.ARM.Collect$$rtexit$$00000003) for __rt_exit_ls
    rtexit.o(.ARM.Collect$$rtexit$$00000000) refers (Special) to rtexit2.o(.ARM.Collect$$rtexit$$00000002) for __rt_exit_prels_1
    rtexit.o(.ARM.exidx) refers (Special) to rtexit2.o(.ARM.Collect$$rtexit$$00000004) for __rt_exit_exit
    rtexit.o(.ARM.exidx) refers (Special) to rtexit2.o(.ARM.Collect$$rtexit$$00000003) for __rt_exit_ls
    rtexit.o(.ARM.exidx) refers (Special) to rtexit2.o(.ARM.Collect$$rtexit$$00000002) for __rt_exit_prels_1
    rtexit.o(.ARM.exidx) refers to rtexit.o(.ARM.Collect$$rtexit$$00000000) for .ARM.Collect$$rtexit$$00000000
    rt_raise.o(.text) refers to __raise.o(.text) for __raise
    rt_raise.o(.text) refers to sys_exit.o(.text) for _sys_exit
    defsig_exit.o(.text) refers to sys_exit.o(.text) for _sys_exit
    defsig_fpe_inner.o(.text) refers to defsig_general.o(.text) for __default_signal_display
    libinit2.o(.ARM.Collect$$libinit$$00000012) refers to libinit2.o(.ARM.Collect$$libinit$$00000011) for .ARM.Collect$$libinit$$00000011
    libinit2.o(.ARM.Collect$$libinit$$00000014) refers to libinit2.o(.ARM.Collect$$libinit$$00000011) for .ARM.Collect$$libinit$$00000011
    libinit2.o(.ARM.Collect$$libinit$$00000016) refers to libinit2.o(.ARM.Collect$$libinit$$00000011) for .ARM.Collect$$libinit$$00000011
    libinit2.o(.ARM.Collect$$libinit$$00000018) refers to libinit2.o(.ARM.Collect$$libinit$$00000011) for .ARM.Collect$$libinit$$00000011
    libinit2.o(.ARM.Collect$$libinit$$0000001A) refers to libinit2.o(.ARM.Collect$$libinit$$00000011) for .ARM.Collect$$libinit$$00000011
    libinit2.o(.ARM.Collect$$libinit$$00000028) refers to argv_veneer.o(.emb_text) for __ARM_argv_veneer
    libinit2.o(.ARM.Collect$$libinit$$00000029) refers to argv_veneer.o(.emb_text) for __ARM_argv_veneer
    sys_exit.o(.text) refers (Special) to use_no_semi.o(.text) for __I$use$semihosting
    sys_exit.o(.text) refers (Special) to indicate_semi.o(.text) for __semihosting_library_function
    sys_exit_hlt.o(.text) refers (Special) to use_no_semi.o(.text) for __I$use$semihosting
    sys_exit_hlt.o(.text) refers (Special) to indicate_semi.o(.text) for __semihosting_library_function
    rtexit2.o(.ARM.Collect$$rtexit$$00000003) refers to libshutdown.o(.ARM.Collect$$libshutdown$$00000000) for __rt_lib_shutdown
    rtexit2.o(.ARM.Collect$$rtexit$$00000004) refers to sys_exit.o(.text) for _sys_exit
    rtexit2.o(.ARM.exidx) refers to rtexit2.o(.ARM.Collect$$rtexit$$00000001) for .ARM.Collect$$rtexit$$00000001
    rtexit2.o(.ARM.exidx) refers to rtexit2.o(.ARM.Collect$$rtexit$$00000003) for .ARM.Collect$$rtexit$$00000003
    rtexit2.o(.ARM.exidx) refers to rtexit2.o(.ARM.Collect$$rtexit$$00000004) for .ARM.Collect$$rtexit$$00000004
    __raise.o(.text) refers to defsig.o(CL$$defsig) for __default_signal_handler
    defsig_general.o(.text) refers to sys_wrch.o(.text) for _ttywrch
    argv_veneer.o(.emb_text) refers to no_argv.o(.text) for __ARM_get_argv
    sys_wrch.o(.text) refers (Special) to use_no_semi.o(.text) for __I$use$semihosting
    sys_wrch.o(.text) refers (Special) to indicate_semi.o(.text) for __semihosting_library_function
    sys_wrch_hlt.o(.text) refers (Special) to use_no_semi.o(.text) for __I$use$semihosting
    sys_wrch_hlt.o(.text) refers (Special) to indicate_semi.o(.text) for __semihosting_library_function
    defsig.o(CL$$defsig) refers to defsig_fpe_inner.o(.text) for __rt_SIGFPE_inner
    defsig.o(CL$$defsig) refers to defsig_rtmem_inner.o(.text) for __rt_SIGRTMEM_inner
    _get_argv_nomalloc.o(.text) refers (Special) to hrguard.o(.text) for __heap_region$guard
    _get_argv_nomalloc.o(.text) refers to defsig_rtmem_outer.o(.text) for __rt_SIGRTMEM
    _get_argv_nomalloc.o(.text) refers to sys_command.o(.text) for _sys_command_string
    libshutdown.o(.ARM.Collect$$libshutdown$$00000000) refers (Special) to libshutdown2.o(.ARM.Collect$$libshutdown$$00000002) for __rt_lib_shutdown_cpp_1
    libshutdown.o(.ARM.Collect$$libshutdown$$00000000) refers (Special) to libshutdown2.o(.ARM.Collect$$libshutdown$$00000007) for __rt_lib_shutdown_fp_trap_1
    libshutdown.o(.ARM.Collect$$libshutdown$$00000000) refers (Special) to libshutdown2.o(.ARM.Collect$$libshutdown$$0000000F) for __rt_lib_shutdown_heap_1
    libshutdown.o(.ARM.Collect$$libshutdown$$00000000) refers (Special) to libshutdown2.o(.ARM.Collect$$libshutdown$$00000010) for __rt_lib_shutdown_return
    libshutdown.o(.ARM.Collect$$libshutdown$$00000000) refers (Special) to libshutdown2.o(.ARM.Collect$$libshutdown$$0000000A) for __rt_lib_shutdown_signal_1
    libshutdown.o(.ARM.Collect$$libshutdown$$00000000) refers (Special) to libshutdown2.o(.ARM.Collect$$libshutdown$$00000004) for __rt_lib_shutdown_stdio_1
    libshutdown.o(.ARM.Collect$$libshutdown$$00000000) refers (Special) to libshutdown2.o(.ARM.Collect$$libshutdown$$0000000C) for __rt_lib_shutdown_user_alloc_1
    sys_command.o(.text) refers (Special) to use_no_semi.o(.text) for __I$use$semihosting
    sys_command.o(.text) refers (Special) to indicate_semi.o(.text) for __semihosting_library_function
    sys_command_hlt.o(.text) refers (Special) to use_no_semi.o(.text) for __I$use$semihosting
    sys_command_hlt.o(.text) refers (Special) to indicate_semi.o(.text) for __semihosting_library_function
    defsig_abrt_inner.o(.text) refers to defsig_general.o(.text) for __default_signal_display
    defsig_rtred_inner.o(.text) refers to defsig_general.o(.text) for __default_signal_display
    defsig_rtmem_inner.o(.text) refers to defsig_general.o(.text) for __default_signal_display
    defsig_rtmem_outer.o(.text) refers to defsig_rtmem_inner.o(.text) for __rt_SIGRTMEM_inner
    defsig_rtmem_outer.o(.text) refers to defsig_exit.o(.text) for __sig_exit
    defsig_rtmem_formal.o(.text) refers to rt_raise.o(.text) for __rt_raise
    defsig_stak_inner.o(.text) refers to defsig_general.o(.text) for __default_signal_display
    defsig_pvfn_inner.o(.text) refers to defsig_general.o(.text) for __default_signal_display
    defsig_cppl_inner.o(.text) refers to defsig_general.o(.text) for __default_signal_display
    defsig_segv_inner.o(.text) refers to defsig_general.o(.text) for __default_signal_display
    defsig_other.o(.text) refers to defsig_general.o(.text) for __default_signal_display


==============================================================================

Removing Unused input sections from the image.

    Removing main.o(.text), (0 bytes).
    Removing main.o(.text.BMP280_Reset), (32 bytes).
    Removing main.o(.ARM.exidx.text.BMP280_Reset), (8 bytes).
    Removing main.o(.ARM.exidx.text.bmp280_compensate_T_int32), (8 bytes).
    Removing main.o(.ARM.exidx.text.bmp280_compensate_P_int64), (8 bytes).
    Removing main.o(.ARM.exidx.text.count_digits), (8 bytes).
    Removing main.o(.ARM.exidx.text.float_to_string), (8 bytes).
    Removing main.o(.ARM.exidx.text.char_to_symbol), (8 bytes).
    Removing main.o(.ARM.exidx.text.PrintSymbols), (8 bytes).
    Removing main.o(.ARM.exidx.text.main), (8 bytes).
    Removing main.o(.ARM.exidx.text.SysTick_Config), (8 bytes).
    Removing main.o(.ARM.exidx.text.__NVIC_SetPriority), (8 bytes).
    Removing main.o(.rodata.cst8), (8 bytes).
    Removing main.o(.rodata..L__const.main.power_on_reset), (1 bytes).
    Removing main.o(.rodata..L__const.main.ctrl_meas), (1 bytes).
    Removing main.o(.ARM.use_no_argv), (4 bytes).
    Removing i2c.o(.text), (0 bytes).
    Removing i2c.o(.ARM.exidx.text.I2C_Init), (8 bytes).
    Removing i2c.o(.ARM.exidx.text.I2C_WriteData), (8 bytes).
    Removing i2c.o(.ARM.exidx.text.I2C_ReadData), (8 bytes).
    Removing ssd1306.o(.text), (0 bytes).
    Removing ssd1306.o(.ARM.exidx.text.OLED_Reset), (8 bytes).
    Removing ssd1306.o(.ARM.exidx.text.OLED_Init), (8 bytes).
    Removing ssd1306.o(.ARM.exidx.text.OLED_SendByte), (8 bytes).
    Removing ssd1306.o(.ARM.exidx.text.OLED_Clear), (8 bytes).
    Removing ssd1306.o(.text.OLED_ClearXY), (190 bytes).
    Removing ssd1306.o(.ARM.exidx.text.OLED_ClearXY), (8 bytes).
    Removing ssd1306.o(.text.OLED_SendData), (270 bytes).
    Removing ssd1306.o(.ARM.exidx.text.OLED_SendData), (8 bytes).
    Removing ssd1306.o(.ARM.exidx.text.OLED_FillBuffer), (8 bytes).
    Removing ssd1306.o(.text.OLED_OutHex), (276 bytes).
    Removing ssd1306.o(.ARM.exidx.text.OLED_OutHex), (8 bytes).
    Removing ssd1306.o(.text.OLED_outSign), (96 bytes).
    Removing ssd1306.o(.ARM.exidx.text.OLED_outSign), (8 bytes).
    Removing ssd1306.o(.text.OLED_OutDec), (370 bytes).
    Removing ssd1306.o(.ARM.exidx.text.OLED_OutDec), (8 bytes).
    Removing ssd1306.o(.ARM.exidx.text.OLED_SendBuffer), (8 bytes).
    Removing delay.o(.text), (0 bytes).
    Removing delay.o(.ARM.exidx.text.SysTick_Handler), (8 bytes).
    Removing delay.o(.ARM.exidx.text.DelayMicro), (8 bytes).
    Removing delay.o(.text.GetTicks), (12 bytes).
    Removing delay.o(.ARM.exidx.text.GetTicks), (8 bytes).
    Removing ds18b20.o(.text), (0 bytes).
    Removing ds18b20.o(.ARM.exidx.text.ds18b20_PortInit), (8 bytes).
    Removing ds18b20.o(.ARM.exidx.text.ds18b20_Reset), (8 bytes).
    Removing ds18b20.o(.ARM.exidx.text.ds18b20_ReadBit), (8 bytes).
    Removing ds18b20.o(.ARM.exidx.text.ds18b20_ReadByte), (8 bytes).
    Removing ds18b20.o(.ARM.exidx.text.ds18b20_WriteBit), (8 bytes).
    Removing ds18b20.o(.ARM.exidx.text.ds18b20_WriteByte), (8 bytes).
    Removing ds18b20.o(.ARM.exidx.text.ds18b20_MatchRom), (8 bytes).
    Removing ds18b20.o(.text.ds18b20_Init_R9), (66 bytes).
    Removing ds18b20.o(.ARM.exidx.text.ds18b20_Init_R9), (8 bytes).
    Removing ds18b20.o(.ARM.exidx.text.ds18b20_Init_R12), (8 bytes).
    Removing ds18b20.o(.ARM.exidx.text.ds18b20_ConvertTemp), (8 bytes).
    Removing ds18b20.o(.ARM.exidx.text.ds18b20_ReadStratchpad), (8 bytes).
    Removing ds18b20.o(.ARM.exidx.text.ds18b20_ReadROM), (8 bytes).
    Removing ds18b20.o(.ARM.exidx.text.Compute_CRC8), (8 bytes).
    Removing gpio_init.o(.text), (0 bytes).
    Removing gpio_init.o(.ARM.exidx.text.GPIO_Init), (8 bytes).
    Removing dht22.o(.text), (0 bytes).
    Removing dht22.o(.ARM.exidx.text.DHT22_Start), (8 bytes).
    Removing dht22.o(.text.DHT22_Stop), (18 bytes).
    Removing dht22.o(.ARM.exidx.text.DHT22_Stop), (8 bytes).
    Removing dht22.o(.ARM.exidx.text.DHT22_ReadBit), (8 bytes).
    Removing dht22.o(.ARM.exidx.text.DHT22_ReadByte), (8 bytes).
    Removing system_stm32f10x.o(.text), (0 bytes).
    Removing system_stm32f10x.o(.ARM.exidx.text.SystemInit), (8 bytes).
    Removing system_stm32f10x.o(.ARM.exidx.text.SetSysClock), (8 bytes).
    Removing system_stm32f10x.o(.text.SystemCoreClockUpdate), (290 bytes).
    Removing system_stm32f10x.o(.ARM.exidx.text.SystemCoreClockUpdate), (8 bytes).
    Removing system_stm32f10x.o(.ARM.exidx.text.SetSysClockTo72), (8 bytes).
    Removing system_stm32f10x.o(.rodata.AHBPrescTable), (16 bytes).

72 unused section(s) (total 2042 bytes) removed from the image.

==============================================================================

Image Symbol Table

    Local Symbols

    Symbol Name                              Value     Ov Type        Size  Object(Section)

    ../clib/angel/boardlib.s                 0x00000000   Number         0  boardinit1.o ABSOLUTE
    ../clib/angel/boardlib.s                 0x00000000   Number         0  boardinit2.o ABSOLUTE
    ../clib/angel/boardlib.s                 0x00000000   Number         0  boardinit3.o ABSOLUTE
    ../clib/angel/boardlib.s                 0x00000000   Number         0  boardshut.o ABSOLUTE
    ../clib/angel/handlers.s                 0x00000000   Number         0  __scatter_copy.o ABSOLUTE
    ../clib/angel/handlers.s                 0x00000000   Number         0  __scatter_zi.o ABSOLUTE
    ../clib/angel/kernel.s                   0x00000000   Number         0  __rtentry.o ABSOLUTE
    ../clib/angel/kernel.s                   0x00000000   Number         0  __rtentry2.o ABSOLUTE
    ../clib/angel/kernel.s                   0x00000000   Number         0  __rtentry4.o ABSOLUTE
    ../clib/angel/kernel.s                   0x00000000   Number         0  rtexit.o ABSOLUTE
    ../clib/angel/kernel.s                   0x00000000   Number         0  rtexit2.o ABSOLUTE
    ../clib/angel/rt.s                       0x00000000   Number         0  aeabi_ldiv0.o ABSOLUTE
    ../clib/angel/rt.s                       0x00000000   Number         0  aeabi_ldiv0_sigfpe.o ABSOLUTE
    ../clib/angel/rt.s                       0x00000000   Number         0  rt_div0.o ABSOLUTE
    ../clib/angel/rt.s                       0x00000000   Number         0  rt_raise.o ABSOLUTE
    ../clib/angel/scatter.s                  0x00000000   Number         0  __scatter.o ABSOLUTE
    ../clib/angel/startup.s                  0x00000000   Number         0  __main.o ABSOLUTE
    ../clib/angel/sys.s                      0x00000000   Number         0  sys_stackheap_outer.o ABSOLUTE
    ../clib/angel/sys.s                      0x00000000   Number         0  libspace.o ABSOLUTE
    ../clib/angel/sys.s                      0x00000000   Number         0  use_no_semi.o ABSOLUTE
    ../clib/angel/sys.s                      0x00000000   Number         0  indicate_semi.o ABSOLUTE
    ../clib/angel/sysapp.c                   0x00000000   Number         0  sys_exit.o ABSOLUTE
    ../clib/angel/sysapp.c                   0x00000000   Number         0  sys_exit_hlt.o ABSOLUTE
    ../clib/angel/sysapp.c                   0x00000000   Number         0  sys_wrch.o ABSOLUTE
    ../clib/angel/sysapp.c                   0x00000000   Number         0  sys_wrch_hlt.o ABSOLUTE
    ../clib/angel/sysapp.c                   0x00000000   Number         0  sys_command.o ABSOLUTE
    ../clib/angel/sysapp.c                   0x00000000   Number         0  sys_command_hlt.o ABSOLUTE
    ../clib/armsys.c                         0x00000000   Number         0  argv_veneer.o ABSOLUTE
    ../clib/armsys.c                         0x00000000   Number         0  argv_veneer.o ABSOLUTE
    ../clib/armsys.c                         0x00000000   Number         0  _get_argv_nomalloc.o ABSOLUTE
    ../clib/armsys.c                         0x00000000   Number         0  no_argv.o ABSOLUTE
    ../clib/heapalloc.c                      0x00000000   Number         0  hrguard.o ABSOLUTE
    ../clib/heapaux.c                        0x00000000   Number         0  heapauxi.o ABSOLUTE
    ../clib/libinit.s                        0x00000000   Number         0  libinit.o ABSOLUTE
    ../clib/libinit.s                        0x00000000   Number         0  libinit2.o ABSOLUTE
    ../clib/libinit.s                        0x00000000   Number         0  libshutdown.o ABSOLUTE
    ../clib/libinit.s                        0x00000000   Number         0  libshutdown2.o ABSOLUTE
    ../clib/longlong.s                       0x00000000   Number         0  llsdiv.o ABSOLUTE
    ../clib/longlong.s                       0x00000000   Number         0  lludivv7m.o ABSOLUTE
    ../clib/signal.c                         0x00000000   Number         0  defsig_fpe_outer.o ABSOLUTE
    ../clib/signal.c                         0x00000000   Number         0  defsig_fpe_formal.o ABSOLUTE
    ../clib/signal.c                         0x00000000   Number         0  defsig_exit.o ABSOLUTE
    ../clib/signal.c                         0x00000000   Number         0  defsig_fpe_inner.o ABSOLUTE
    ../clib/signal.c                         0x00000000   Number         0  __raise.o ABSOLUTE
    ../clib/signal.c                         0x00000000   Number         0  defsig_general.o ABSOLUTE
    ../clib/signal.c                         0x00000000   Number         0  defsig_abrt_inner.o ABSOLUTE
    ../clib/signal.c                         0x00000000   Number         0  defsig_rtred_inner.o ABSOLUTE
    ../clib/signal.c                         0x00000000   Number         0  defsig_rtmem_inner.o ABSOLUTE
    ../clib/signal.c                         0x00000000   Number         0  defsig_rtmem_outer.o ABSOLUTE
    ../clib/signal.c                         0x00000000   Number         0  defsig_rtmem_formal.o ABSOLUTE
    ../clib/signal.c                         0x00000000   Number         0  defsig_stak_inner.o ABSOLUTE
    ../clib/signal.c                         0x00000000   Number         0  defsig_pvfn_inner.o ABSOLUTE
    ../clib/signal.c                         0x00000000   Number         0  defsig_cppl_inner.o ABSOLUTE
    ../clib/signal.c                         0x00000000   Number         0  defsig_segv_inner.o ABSOLUTE
    ../clib/signal.c                         0x00000000   Number         0  defsig_other.o ABSOLUTE
    ../clib/signal.s                         0x00000000   Number         0  defsig.o ABSOLUTE
    ../clib/stdlib.c                         0x00000000   Number         0  abs.o ABSOLUTE
    ../clib/stdlib.c                         0x00000000   Number         0  exit.o ABSOLUTE
    ../fplib/d2f.s                           0x00000000   Number         0  d2f.o ABSOLUTE
    ../fplib/daddsub.s                       0x00000000   Number         0  daddsub_clz.o ABSOLUTE
    ../fplib/ddiv.s                          0x00000000   Number         0  ddiv.o ABSOLUTE
    ../fplib/dflt.s                          0x00000000   Number         0  dflt_clz.o ABSOLUTE
    ../fplib/dmul.s                          0x00000000   Number         0  dmul.o ABSOLUTE
    ../fplib/dnaninf.s                       0x00000000   Number         0  dnaninf.o ABSOLUTE
    ../fplib/dretinf.s                       0x00000000   Number         0  dretinf.o ABSOLUTE
    ../fplib/faddsub.s                       0x00000000   Number         0  faddsub_clz.o ABSOLUTE
    ../fplib/fdiv.s                          0x00000000   Number         0  fdiv.o ABSOLUTE
    ../fplib/ffix.s                          0x00000000   Number         0  ffix.o ABSOLUTE
    ../fplib/fflt.s                          0x00000000   Number         0  fflt_clz.o ABSOLUTE
    ../fplib/fmul.s                          0x00000000   Number         0  fmul.o ABSOLUTE
    ../fplib/fnaninf.s                       0x00000000   Number         0  fnaninf.o ABSOLUTE
    ../fplib/fpinit.s                        0x00000000   Number         0  fpinit.o ABSOLUTE
    ../fplib/fpinit_empty.s                  0x00000000   Number         0  fpinit_empty.o ABSOLUTE
    ../fplib/fretinf.s                       0x00000000   Number         0  fretinf.o ABSOLUTE
    ../fplib/usenofp.s                       0x00000000   Number         0  usenofp.o ABSOLUTE
    DHT22.c                                  0x00000000   Number         0  dht22.o ABSOLUTE
    GPIO_Init.c                              0x00000000   Number         0  gpio_init.o ABSOLUTE
    I2C.c                                    0x00000000   Number         0  i2c.o ABSOLUTE
    RTE/Device/STM32F103RB/startup_stm32f10x_md.s 0x00000000   Number         0  startup_stm32f10x_md.o ABSOLUTE
    SSD1306.c                                0x00000000   Number         0  ssd1306.o ABSOLUTE
    dc.s                                     0x00000000   Number         0  dc.o ABSOLUTE
    delay.c                                  0x00000000   Number         0  delay.o ABSOLUTE
    ds18b20.c                                0x00000000   Number         0  ds18b20.o ABSOLUTE
    main.c                                   0x00000000   Number         0  main.o ABSOLUTE
    system_stm32f10x.c                       0x00000000   Number         0  system_stm32f10x.o ABSOLUTE
    RESET                                    0x08000000   Section      236  startup_stm32f10x_md.o(RESET)
    !!!main                                  0x080000ec   Section        8  __main.o(!!!main)
    !!!scatter                               0x080000f4   Section       52  __scatter.o(!!!scatter)
    !!handler_copy                           0x08000128   Section       26  __scatter_copy.o(!!handler_copy)
    !!handler_zi                             0x08000144   Section       28  __scatter_zi.o(!!handler_zi)
    .ARM.Collect$$libinit$$00000000          0x08000160   Section        2  libinit.o(.ARM.Collect$$libinit$$00000000)
    .ARM.Collect$$libinit$$00000002          0x08000162   Section        0  libinit2.o(.ARM.Collect$$libinit$$00000002)
    .ARM.Collect$$libinit$$00000004          0x08000162   Section        0  libinit2.o(.ARM.Collect$$libinit$$00000004)
    .ARM.Collect$$libinit$$00000006          0x08000162   Section        0  libinit2.o(.ARM.Collect$$libinit$$00000006)
    .ARM.Collect$$libinit$$0000000C          0x08000162   Section        0  libinit2.o(.ARM.Collect$$libinit$$0000000C)
    .ARM.Collect$$libinit$$0000000E          0x08000162   Section        0  libinit2.o(.ARM.Collect$$libinit$$0000000E)
    .ARM.Collect$$libinit$$00000010          0x08000162   Section        0  libinit2.o(.ARM.Collect$$libinit$$00000010)
    .ARM.Collect$$libinit$$00000013          0x08000162   Section        0  libinit2.o(.ARM.Collect$$libinit$$00000013)
    .ARM.Collect$$libinit$$00000015          0x08000162   Section        0  libinit2.o(.ARM.Collect$$libinit$$00000015)
    .ARM.Collect$$libinit$$00000017          0x08000162   Section        0  libinit2.o(.ARM.Collect$$libinit$$00000017)
    .ARM.Collect$$libinit$$00000019          0x08000162   Section        0  libinit2.o(.ARM.Collect$$libinit$$00000019)
    .ARM.Collect$$libinit$$0000001B          0x08000162   Section        0  libinit2.o(.ARM.Collect$$libinit$$0000001B)
    .ARM.Collect$$libinit$$0000001D          0x08000162   Section        0  libinit2.o(.ARM.Collect$$libinit$$0000001D)
    .ARM.Collect$$libinit$$0000001F          0x08000162   Section        0  libinit2.o(.ARM.Collect$$libinit$$0000001F)
    .ARM.Collect$$libinit$$00000021          0x08000162   Section        0  libinit2.o(.ARM.Collect$$libinit$$00000021)
    .ARM.Collect$$libinit$$00000023          0x08000162   Section        0  libinit2.o(.ARM.Collect$$libinit$$00000023)
    .ARM.Collect$$libinit$$00000025          0x08000162   Section        0  libinit2.o(.ARM.Collect$$libinit$$00000025)
    .ARM.Collect$$libinit$$00000027          0x08000162   Section        0  libinit2.o(.ARM.Collect$$libinit$$00000027)
    .ARM.Collect$$libinit$$0000002E          0x08000162   Section        0  libinit2.o(.ARM.Collect$$libinit$$0000002E)
    .ARM.Collect$$libinit$$00000030          0x08000162   Section        0  libinit2.o(.ARM.Collect$$libinit$$00000030)
    .ARM.Collect$$libinit$$00000032          0x08000162   Section        0  libinit2.o(.ARM.Collect$$libinit$$00000032)
    .ARM.Collect$$libinit$$00000034          0x08000162   Section        0  libinit2.o(.ARM.Collect$$libinit$$00000034)
    .ARM.Collect$$libinit$$00000035          0x08000162   Section        2  libinit2.o(.ARM.Collect$$libinit$$00000035)
    .ARM.Collect$$libshutdown$$00000000      0x08000164   Section        2  libshutdown.o(.ARM.Collect$$libshutdown$$00000000)
    .ARM.Collect$$libshutdown$$00000002      0x08000166   Section        0  libshutdown2.o(.ARM.Collect$$libshutdown$$00000002)
    .ARM.Collect$$libshutdown$$00000004      0x08000166   Section        0  libshutdown2.o(.ARM.Collect$$libshutdown$$00000004)
    .ARM.Collect$$libshutdown$$00000007      0x08000166   Section        0  libshutdown2.o(.ARM.Collect$$libshutdown$$00000007)
    .ARM.Collect$$libshutdown$$0000000A      0x08000166   Section        0  libshutdown2.o(.ARM.Collect$$libshutdown$$0000000A)
    .ARM.Collect$$libshutdown$$0000000C      0x08000166   Section        0  libshutdown2.o(.ARM.Collect$$libshutdown$$0000000C)
    .ARM.Collect$$libshutdown$$0000000F      0x08000166   Section        0  libshutdown2.o(.ARM.Collect$$libshutdown$$0000000F)
    .ARM.Collect$$libshutdown$$00000010      0x08000166   Section        2  libshutdown2.o(.ARM.Collect$$libshutdown$$00000010)
    .ARM.Collect$$rtentry$$00000000          0x08000168   Section        0  __rtentry.o(.ARM.Collect$$rtentry$$00000000)
    .ARM.Collect$$rtentry$$00000002          0x08000168   Section        0  __rtentry2.o(.ARM.Collect$$rtentry$$00000002)
    .ARM.Collect$$rtentry$$00000004          0x08000168   Section        6  __rtentry4.o(.ARM.Collect$$rtentry$$00000004)
    .ARM.Collect$$rtentry$$00000009          0x0800016e   Section        0  __rtentry2.o(.ARM.Collect$$rtentry$$00000009)
    .ARM.Collect$$rtentry$$0000000A          0x0800016e   Section        4  __rtentry2.o(.ARM.Collect$$rtentry$$0000000A)
    .ARM.Collect$$rtentry$$0000000C          0x08000172   Section        0  __rtentry2.o(.ARM.Collect$$rtentry$$0000000C)
    .ARM.Collect$$rtentry$$0000000D          0x08000172   Section        8  __rtentry2.o(.ARM.Collect$$rtentry$$0000000D)
    .ARM.Collect$$rtexit$$00000000           0x0800017a   Section        2  rtexit.o(.ARM.Collect$$rtexit$$00000000)
    .ARM.Collect$$rtexit$$00000002           0x0800017c   Section        0  rtexit2.o(.ARM.Collect$$rtexit$$00000002)
    .ARM.Collect$$rtexit$$00000003           0x0800017c   Section        4  rtexit2.o(.ARM.Collect$$rtexit$$00000003)
    .ARM.Collect$$rtexit$$00000004           0x08000180   Section        6  rtexit2.o(.ARM.Collect$$rtexit$$00000004)
    .text                                    0x08000188   Section       64  startup_stm32f10x_md.o(.text)
    .text                                    0x080001c8   Section      116  llsdiv.o(.text)
    .text                                    0x0800023c   Section        0  heapauxi.o(.text)
    .text                                    0x08000242   Section      240  lludivv7m.o(.text)
    .text                                    0x08000332   Section       74  sys_stackheap_outer.o(.text)
    .text                                    0x0800037c   Section        0  exit.o(.text)
    .text                                    0x08000390   Section        8  libspace.o(.text)
    .text                                    0x08000398   Section        0  sys_exit.o(.text)
    .text                                    0x080003a4   Section        2  use_no_semi.o(.text)
    .text                                    0x080003a6   Section        0  indicate_semi.o(.text)
    [Anonymous Symbol]                       0x080003a8   Section        0  ds18b20.o(.text.Compute_CRC8)
    [Anonymous Symbol]                       0x08000458   Section        0  dht22.o(.text.DHT22_ReadBit)
    [Anonymous Symbol]                       0x080004a4   Section        0  dht22.o(.text.DHT22_ReadByte)
    [Anonymous Symbol]                       0x080004ec   Section        0  dht22.o(.text.DHT22_Start)
    [Anonymous Symbol]                       0x08000520   Section        0  delay.o(.text.DelayMicro)
    [Anonymous Symbol]                       0x08000550   Section        0  gpio_init.o(.text.GPIO_Init)
    [Anonymous Symbol]                       0x0800058c   Section        0  i2c.o(.text.I2C_Init)
    [Anonymous Symbol]                       0x0800065c   Section        0  i2c.o(.text.I2C_ReadData)
    [Anonymous Symbol]                       0x0800082c   Section        0  i2c.o(.text.I2C_WriteData)
    [Anonymous Symbol]                       0x08000950   Section        0  ssd1306.o(.text.OLED_Clear)
    [Anonymous Symbol]                       0x08000a20   Section        0  ssd1306.o(.text.OLED_FillBuffer)
    [Anonymous Symbol]                       0x08000b54   Section        0  ssd1306.o(.text.OLED_Init)
    [Anonymous Symbol]                       0x08000bd8   Section        0  ssd1306.o(.text.OLED_Reset)
    [Anonymous Symbol]                       0x08000c2c   Section        0  ssd1306.o(.text.OLED_SendBuffer)
    [Anonymous Symbol]                       0x08000c44   Section        0  ssd1306.o(.text.OLED_SendByte)
    [Anonymous Symbol]                       0x08000d28   Section        0  main.o(.text.PrintSymbols)
    SetSysClock                              0x08000df5   Thumb Code     8  system_stm32f10x.o(.text.SetSysClock)
    [Anonymous Symbol]                       0x08000df4   Section        0  system_stm32f10x.o(.text.SetSysClock)
    SetSysClockTo72                          0x08000dfd   Thumb Code   290  system_stm32f10x.o(.text.SetSysClockTo72)
    [Anonymous Symbol]                       0x08000dfc   Section        0  system_stm32f10x.o(.text.SetSysClockTo72)
    SysTick_Config                           0x08000f21   Thumb Code    82  main.o(.text.SysTick_Config)
    [Anonymous Symbol]                       0x08000f20   Section        0  main.o(.text.SysTick_Config)
    [Anonymous Symbol]                       0x08000f74   Section        0  delay.o(.text.SysTick_Handler)
    [Anonymous Symbol]                       0x08000f84   Section        0  system_stm32f10x.o(.text.SystemInit)
    __NVIC_SetPriority                       0x08000fed   Thumb Code    66  main.o(.text.__NVIC_SetPriority)
    [Anonymous Symbol]                       0x08000fec   Section        0  main.o(.text.__NVIC_SetPriority)
    [Anonymous Symbol]                       0x08001030   Section        0  main.o(.text.bmp280_compensate_P_int64)
    [Anonymous Symbol]                       0x0800123c   Section        0  main.o(.text.bmp280_compensate_T_int32)
    [Anonymous Symbol]                       0x080012a0   Section        0  main.o(.text.char_to_symbol)
    [Anonymous Symbol]                       0x08001364   Section        0  main.o(.text.count_digits)
    [Anonymous Symbol]                       0x080013bc   Section        0  ds18b20.o(.text.ds18b20_ConvertTemp)
    [Anonymous Symbol]                       0x080013f0   Section        0  ds18b20.o(.text.ds18b20_Init_R12)
    [Anonymous Symbol]                       0x08001434   Section        0  ds18b20.o(.text.ds18b20_MatchRom)
    [Anonymous Symbol]                       0x08001474   Section        0  ds18b20.o(.text.ds18b20_PortInit)
    [Anonymous Symbol]                       0x080014a8   Section        0  ds18b20.o(.text.ds18b20_ReadBit)
    [Anonymous Symbol]                       0x080014f8   Section        0  ds18b20.o(.text.ds18b20_ReadByte)
    [Anonymous Symbol]                       0x08001540   Section        0  ds18b20.o(.text.ds18b20_ReadROM)
    [Anonymous Symbol]                       0x08001580   Section        0  ds18b20.o(.text.ds18b20_ReadStratchpad)
    [Anonymous Symbol]                       0x080015e4   Section        0  ds18b20.o(.text.ds18b20_Reset)
    [Anonymous Symbol]                       0x08001634   Section        0  ds18b20.o(.text.ds18b20_WriteBit)
    [Anonymous Symbol]                       0x08001678   Section        0  ds18b20.o(.text.ds18b20_WriteByte)
    [Anonymous Symbol]                       0x080016bc   Section        0  main.o(.text.float_to_string)
    [Anonymous Symbol]                       0x080017cc   Section        0  main.o(.text.main)
    x$fpl$d2f                                0x08001cf8   Section       98  d2f.o(x$fpl$d2f)
    x$fpl$dadd                               0x08001d5c   Section      336  daddsub_clz.o(x$fpl$dadd)
    _dadd1                                   0x08001d6d   Thumb Code     0  daddsub_clz.o(x$fpl$dadd)
    x$fpl$ddiv                               0x08001eac   Section      692  ddiv.o(x$fpl$ddiv)
    ddiv_entry                               0x08001eb3   Thumb Code     0  ddiv.o(x$fpl$ddiv)
    x$fpl$dflt                               0x08002160   Section       46  dflt_clz.o(x$fpl$dflt)
    x$fpl$dfltu                              0x0800218e   Section       38  dflt_clz.o(x$fpl$dfltu)
    x$fpl$dmul                               0x080021b4   Section      340  dmul.o(x$fpl$dmul)
    x$fpl$dnaninf                            0x08002308   Section      156  dnaninf.o(x$fpl$dnaninf)
    x$fpl$dretinf                            0x080023a4   Section       12  dretinf.o(x$fpl$dretinf)
    x$fpl$dsub                               0x080023b0   Section      476  daddsub_clz.o(x$fpl$dsub)
    _dsub1                                   0x080023c1   Thumb Code     0  daddsub_clz.o(x$fpl$dsub)
    x$fpl$fadd                               0x0800258c   Section      196  faddsub_clz.o(x$fpl$fadd)
    _fadd1                                   0x0800259b   Thumb Code     0  faddsub_clz.o(x$fpl$fadd)
    _fdiv1                                   0x08002651   Thumb Code     0  fdiv.o(x$fpl$fdiv)
    x$fpl$fdiv                               0x08002650   Section      388  fdiv.o(x$fpl$fdiv)
    x$fpl$ffix                               0x080027d4   Section       54  ffix.o(x$fpl$ffix)
    x$fpl$fflt                               0x0800280c   Section       48  fflt_clz.o(x$fpl$fflt)
    x$fpl$fmul                               0x0800283c   Section      258  fmul.o(x$fpl$fmul)
    x$fpl$fnaninf                            0x0800293e   Section      140  fnaninf.o(x$fpl$fnaninf)
    x$fpl$fretinf                            0x080029ca   Section       10  fretinf.o(x$fpl$fretinf)
    x$fpl$fsub                               0x080029d4   Section      234  faddsub_clz.o(x$fpl$fsub)
    _fsub1                                   0x080029e3   Thumb Code     0  faddsub_clz.o(x$fpl$fsub)
    x$fpl$usenofp                            0x08002abe   Section        0  usenofp.o(x$fpl$usenofp)
    .bss                                     0x20000108   Section       96  libspace.o(.bss)
    Heap_Mem                                 0x20000598   Data         512  startup_stm32f10x_md.o(HEAP)
    HEAP                                     0x20000598   Section      512  startup_stm32f10x_md.o(HEAP)
    Stack_Mem                                0x20000798   Data        1024  startup_stm32f10x_md.o(STACK)
    STACK                                    0x20000798   Section     1024  startup_stm32f10x_md.o(STACK)
    __initial_sp                             0x20000b98   Data           0  startup_stm32f10x_md.o(STACK)

    Global Symbols

    Symbol Name                              Value     Ov Type        Size  Object(Section)

    BuildAttributes$$THM_ISAv4$P$D$K$B$S$PE$A:L22UL41UL21$X:L11$S22US41US21$IEEE1$IW$~IW$USESV6$~STKCKD$USESV7$~SHL$OSPACE$ROPI$EBA8$UX$STANDARDLIB$REQ8$PRES8$EABIv2 0x00000000   Number         0  anon$$obj.o ABSOLUTE
    __fp_init_empty                          0x00000000   Number         0  fpinit_empty.o ABSOLUTE
    __ARM_exceptions_init                     - Undefined Weak Reference
    __alloca_initialize                       - Undefined Weak Reference
    __arm_preinit_                            - Undefined Weak Reference
    __arm_relocate_pie_                       - Undefined Weak Reference
    __cpp_initialize__aeabi_                  - Undefined Weak Reference
    __cxa_finalize                            - Undefined Weak Reference
    __rt_locale                               - Undefined Weak Reference
    __sigvec_lookup                           - Undefined Weak Reference
    _atexit_init                              - Undefined Weak Reference
    _call_atexit_fns                          - Undefined Weak Reference
    _clock_init                               - Undefined Weak Reference
    _fp_trap_init                             - Undefined Weak Reference
    _fp_trap_shutdown                         - Undefined Weak Reference
    _get_lc_collate                           - Undefined Weak Reference
    _get_lc_ctype                             - Undefined Weak Reference
    _get_lc_monetary                          - Undefined Weak Reference
    _get_lc_numeric                           - Undefined Weak Reference
    _get_lc_time                              - Undefined Weak Reference
    _getenv_init                              - Undefined Weak Reference
    _handle_redirection                       - Undefined Weak Reference
    _init_alloc                               - Undefined Weak Reference
    _init_user_alloc                          - Undefined Weak Reference
    _initio                                   - Undefined Weak Reference
    _rand_init                                - Undefined Weak Reference
    _signal_finish                            - Undefined Weak Reference
    _signal_init                              - Undefined Weak Reference
    _terminate_alloc                          - Undefined Weak Reference
    _terminate_user_alloc                     - Undefined Weak Reference
    _terminateio                              - Undefined Weak Reference
    __Vectors_Size                           0x000000ec   Number         0  startup_stm32f10x_md.o ABSOLUTE
    __Vectors                                0x08000000   Data           4  startup_stm32f10x_md.o(RESET)
    __Vectors_End                            0x080000ec   Data           0  startup_stm32f10x_md.o(RESET)
    __main                                   0x080000ed   Thumb Code     8  __main.o(!!!main)
    __scatterload                            0x080000f5   Thumb Code     0  __scatter.o(!!!scatter)
    __scatterload_rt2                        0x080000f5   Thumb Code    44  __scatter.o(!!!scatter)
    __scatterload_rt2_thumb_only             0x080000f5   Thumb Code     0  __scatter.o(!!!scatter)
    __scatterload_null                       0x08000103   Thumb Code     0  __scatter.o(!!!scatter)
    __scatterload_copy                       0x08000129   Thumb Code    26  __scatter_copy.o(!!handler_copy)
    __scatterload_zeroinit                   0x08000145   Thumb Code    28  __scatter_zi.o(!!handler_zi)
    __rt_lib_init                            0x08000161   Thumb Code     0  libinit.o(.ARM.Collect$$libinit$$00000000)
    __rt_lib_init_alloca_1                   0x08000163   Thumb Code     0  libinit2.o(.ARM.Collect$$libinit$$00000030)
    __rt_lib_init_argv_1                     0x08000163   Thumb Code     0  libinit2.o(.ARM.Collect$$libinit$$0000002E)
    __rt_lib_init_atexit_1                   0x08000163   Thumb Code     0  libinit2.o(.ARM.Collect$$libinit$$0000001D)
    __rt_lib_init_clock_1                    0x08000163   Thumb Code     0  libinit2.o(.ARM.Collect$$libinit$$00000023)
    __rt_lib_init_cpp_1                      0x08000163   Thumb Code     0  libinit2.o(.ARM.Collect$$libinit$$00000034)
    __rt_lib_init_exceptions_1               0x08000163   Thumb Code     0  libinit2.o(.ARM.Collect$$libinit$$00000032)
    __rt_lib_init_fp_1                       0x08000163   Thumb Code     0  libinit2.o(.ARM.Collect$$libinit$$00000002)
    __rt_lib_init_fp_trap_1                  0x08000163   Thumb Code     0  libinit2.o(.ARM.Collect$$libinit$$00000021)
    __rt_lib_init_getenv_1                   0x08000163   Thumb Code     0  libinit2.o(.ARM.Collect$$libinit$$00000025)
    __rt_lib_init_heap_1                     0x08000163   Thumb Code     0  libinit2.o(.ARM.Collect$$libinit$$0000000C)
    __rt_lib_init_lc_collate_1               0x08000163   Thumb Code     0  libinit2.o(.ARM.Collect$$libinit$$00000013)
    __rt_lib_init_lc_ctype_1                 0x08000163   Thumb Code     0  libinit2.o(.ARM.Collect$$libinit$$00000015)
    __rt_lib_init_lc_monetary_1              0x08000163   Thumb Code     0  libinit2.o(.ARM.Collect$$libinit$$00000017)
    __rt_lib_init_lc_numeric_1               0x08000163   Thumb Code     0  libinit2.o(.ARM.Collect$$libinit$$00000019)
    __rt_lib_init_lc_time_1                  0x08000163   Thumb Code     0  libinit2.o(.ARM.Collect$$libinit$$0000001B)
    __rt_lib_init_preinit_1                  0x08000163   Thumb Code     0  libinit2.o(.ARM.Collect$$libinit$$00000006)
    __rt_lib_init_rand_1                     0x08000163   Thumb Code     0  libinit2.o(.ARM.Collect$$libinit$$00000010)
    __rt_lib_init_relocate_pie_1             0x08000163   Thumb Code     0  libinit2.o(.ARM.Collect$$libinit$$00000004)
    __rt_lib_init_return                     0x08000163   Thumb Code     0  libinit2.o(.ARM.Collect$$libinit$$00000035)
    __rt_lib_init_signal_1                   0x08000163   Thumb Code     0  libinit2.o(.ARM.Collect$$libinit$$0000001F)
    __rt_lib_init_stdio_1                    0x08000163   Thumb Code     0  libinit2.o(.ARM.Collect$$libinit$$00000027)
    __rt_lib_init_user_alloc_1               0x08000163   Thumb Code     0  libinit2.o(.ARM.Collect$$libinit$$0000000E)
    __rt_lib_shutdown                        0x08000165   Thumb Code     0  libshutdown.o(.ARM.Collect$$libshutdown$$00000000)
    __rt_lib_shutdown_cpp_1                  0x08000167   Thumb Code     0  libshutdown2.o(.ARM.Collect$$libshutdown$$00000002)
    __rt_lib_shutdown_fp_trap_1              0x08000167   Thumb Code     0  libshutdown2.o(.ARM.Collect$$libshutdown$$00000007)
    __rt_lib_shutdown_heap_1                 0x08000167   Thumb Code     0  libshutdown2.o(.ARM.Collect$$libshutdown$$0000000F)
    __rt_lib_shutdown_return                 0x08000167   Thumb Code     0  libshutdown2.o(.ARM.Collect$$libshutdown$$00000010)
    __rt_lib_shutdown_signal_1               0x08000167   Thumb Code     0  libshutdown2.o(.ARM.Collect$$libshutdown$$0000000A)
    __rt_lib_shutdown_stdio_1                0x08000167   Thumb Code     0  libshutdown2.o(.ARM.Collect$$libshutdown$$00000004)
    __rt_lib_shutdown_user_alloc_1           0x08000167   Thumb Code     0  libshutdown2.o(.ARM.Collect$$libshutdown$$0000000C)
    __rt_entry                               0x08000169   Thumb Code     0  __rtentry.o(.ARM.Collect$$rtentry$$00000000)
    __rt_entry_presh_1                       0x08000169   Thumb Code     0  __rtentry2.o(.ARM.Collect$$rtentry$$00000002)
    __rt_entry_sh                            0x08000169   Thumb Code     0  __rtentry4.o(.ARM.Collect$$rtentry$$00000004)
    __rt_entry_li                            0x0800016f   Thumb Code     0  __rtentry2.o(.ARM.Collect$$rtentry$$0000000A)
    __rt_entry_postsh_1                      0x0800016f   Thumb Code     0  __rtentry2.o(.ARM.Collect$$rtentry$$00000009)
    __rt_entry_main                          0x08000173   Thumb Code     0  __rtentry2.o(.ARM.Collect$$rtentry$$0000000D)
    __rt_entry_postli_1                      0x08000173   Thumb Code     0  __rtentry2.o(.ARM.Collect$$rtentry$$0000000C)
    __rt_exit                                0x0800017b   Thumb Code     0  rtexit.o(.ARM.Collect$$rtexit$$00000000)
    __rt_exit_ls                             0x0800017d   Thumb Code     0  rtexit2.o(.ARM.Collect$$rtexit$$00000003)
    __rt_exit_prels_1                        0x0800017d   Thumb Code     0  rtexit2.o(.ARM.Collect$$rtexit$$00000002)
    __rt_exit_exit                           0x08000181   Thumb Code     0  rtexit2.o(.ARM.Collect$$rtexit$$00000004)
    Reset_Handler                            0x08000189   Thumb Code     8  startup_stm32f10x_md.o(.text)
    NMI_Handler                              0x08000191   Thumb Code     2  startup_stm32f10x_md.o(.text)
    HardFault_Handler                        0x08000193   Thumb Code     2  startup_stm32f10x_md.o(.text)
    MemManage_Handler                        0x08000195   Thumb Code     2  startup_stm32f10x_md.o(.text)
    BusFault_Handler                         0x08000197   Thumb Code     2  startup_stm32f10x_md.o(.text)
    UsageFault_Handler                       0x08000199   Thumb Code     2  startup_stm32f10x_md.o(.text)
    SVC_Handler                              0x0800019b   Thumb Code     2  startup_stm32f10x_md.o(.text)
    DebugMon_Handler                         0x0800019d   Thumb Code     2  startup_stm32f10x_md.o(.text)
    PendSV_Handler                           0x0800019f   Thumb Code     2  startup_stm32f10x_md.o(.text)
    ADC1_2_IRQHandler                        0x080001a3   Thumb Code     0  startup_stm32f10x_md.o(.text)
    CAN1_RX1_IRQHandler                      0x080001a3   Thumb Code     0  startup_stm32f10x_md.o(.text)
    CAN1_SCE_IRQHandler                      0x080001a3   Thumb Code     0  startup_stm32f10x_md.o(.text)
    DMA1_Channel1_IRQHandler                 0x080001a3   Thumb Code     0  startup_stm32f10x_md.o(.text)
    DMA1_Channel2_IRQHandler                 0x080001a3   Thumb Code     0  startup_stm32f10x_md.o(.text)
    DMA1_Channel3_IRQHandler                 0x080001a3   Thumb Code     0  startup_stm32f10x_md.o(.text)
    DMA1_Channel4_IRQHandler                 0x080001a3   Thumb Code     0  startup_stm32f10x_md.o(.text)
    DMA1_Channel5_IRQHandler                 0x080001a3   Thumb Code     0  startup_stm32f10x_md.o(.text)
    DMA1_Channel6_IRQHandler                 0x080001a3   Thumb Code     0  startup_stm32f10x_md.o(.text)
    DMA1_Channel7_IRQHandler                 0x080001a3   Thumb Code     0  startup_stm32f10x_md.o(.text)
    EXTI0_IRQHandler                         0x080001a3   Thumb Code     0  startup_stm32f10x_md.o(.text)
    EXTI15_10_IRQHandler                     0x080001a3   Thumb Code     0  startup_stm32f10x_md.o(.text)
    EXTI1_IRQHandler                         0x080001a3   Thumb Code     0  startup_stm32f10x_md.o(.text)
    EXTI2_IRQHandler                         0x080001a3   Thumb Code     0  startup_stm32f10x_md.o(.text)
    EXTI3_IRQHandler                         0x080001a3   Thumb Code     0  startup_stm32f10x_md.o(.text)
    EXTI4_IRQHandler                         0x080001a3   Thumb Code     0  startup_stm32f10x_md.o(.text)
    EXTI9_5_IRQHandler                       0x080001a3   Thumb Code     0  startup_stm32f10x_md.o(.text)
    FLASH_IRQHandler                         0x080001a3   Thumb Code     0  startup_stm32f10x_md.o(.text)
    I2C1_ER_IRQHandler                       0x080001a3   Thumb Code     0  startup_stm32f10x_md.o(.text)
    I2C1_EV_IRQHandler                       0x080001a3   Thumb Code     0  startup_stm32f10x_md.o(.text)
    I2C2_ER_IRQHandler                       0x080001a3   Thumb Code     0  startup_stm32f10x_md.o(.text)
    I2C2_EV_IRQHandler                       0x080001a3   Thumb Code     0  startup_stm32f10x_md.o(.text)
    PVD_IRQHandler                           0x080001a3   Thumb Code     0  startup_stm32f10x_md.o(.text)
    RCC_IRQHandler                           0x080001a3   Thumb Code     0  startup_stm32f10x_md.o(.text)
    RTCAlarm_IRQHandler                      0x080001a3   Thumb Code     0  startup_stm32f10x_md.o(.text)
    RTC_IRQHandler                           0x080001a3   Thumb Code     0  startup_stm32f10x_md.o(.text)
    SPI1_IRQHandler                          0x080001a3   Thumb Code     0  startup_stm32f10x_md.o(.text)
    SPI2_IRQHandler                          0x080001a3   Thumb Code     0  startup_stm32f10x_md.o(.text)
    TAMPER_IRQHandler                        0x080001a3   Thumb Code     0  startup_stm32f10x_md.o(.text)
    TIM1_BRK_IRQHandler                      0x080001a3   Thumb Code     0  startup_stm32f10x_md.o(.text)
    TIM1_CC_IRQHandler                       0x080001a3   Thumb Code     0  startup_stm32f10x_md.o(.text)
    TIM1_TRG_COM_IRQHandler                  0x080001a3   Thumb Code     0  startup_stm32f10x_md.o(.text)
    TIM1_UP_IRQHandler                       0x080001a3   Thumb Code     0  startup_stm32f10x_md.o(.text)
    TIM2_IRQHandler                          0x080001a3   Thumb Code     0  startup_stm32f10x_md.o(.text)
    TIM3_IRQHandler                          0x080001a3   Thumb Code     0  startup_stm32f10x_md.o(.text)
    TIM4_IRQHandler                          0x080001a3   Thumb Code     0  startup_stm32f10x_md.o(.text)
    USART1_IRQHandler                        0x080001a3   Thumb Code     0  startup_stm32f10x_md.o(.text)
    USART2_IRQHandler                        0x080001a3   Thumb Code     0  startup_stm32f10x_md.o(.text)
    USART3_IRQHandler                        0x080001a3   Thumb Code     0  startup_stm32f10x_md.o(.text)
    USBWakeUp_IRQHandler                     0x080001a3   Thumb Code     0  startup_stm32f10x_md.o(.text)
    USB_HP_CAN1_TX_IRQHandler                0x080001a3   Thumb Code     0  startup_stm32f10x_md.o(.text)
    USB_LP_CAN1_RX0_IRQHandler               0x080001a3   Thumb Code     0  startup_stm32f10x_md.o(.text)
    WWDG_IRQHandler                          0x080001a3   Thumb Code     0  startup_stm32f10x_md.o(.text)
    __user_initial_stackheap                 0x080001a5   Thumb Code     0  startup_stm32f10x_md.o(.text)
    __aeabi_ldivmod                          0x080001c9   Thumb Code     0  llsdiv.o(.text)
    _ll_sdiv                                 0x080001c9   Thumb Code   116  llsdiv.o(.text)
    __use_two_region_memory                  0x0800023d   Thumb Code     2  heapauxi.o(.text)
    __rt_heap_escrow$2region                 0x0800023f   Thumb Code     2  heapauxi.o(.text)
    __rt_heap_expand$2region                 0x08000241   Thumb Code     2  heapauxi.o(.text)
    __aeabi_uldivmod                         0x08000243   Thumb Code     0  lludivv7m.o(.text)
    _ll_udiv                                 0x08000243   Thumb Code   240  lludivv7m.o(.text)
    __user_setup_stackheap                   0x08000333   Thumb Code    74  sys_stackheap_outer.o(.text)
    exit                                     0x0800037d   Thumb Code    18  exit.o(.text)
    __user_libspace                          0x08000391   Thumb Code     8  libspace.o(.text)
    __user_perproc_libspace                  0x08000391   Thumb Code     0  libspace.o(.text)
    __user_perthread_libspace                0x08000391   Thumb Code     0  libspace.o(.text)
    _sys_exit                                0x08000399   Thumb Code     8  sys_exit.o(.text)
    __I$use$semihosting                      0x080003a5   Thumb Code     0  use_no_semi.o(.text)
    __use_no_semihosting_swi                 0x080003a5   Thumb Code     2  use_no_semi.o(.text)
    __semihosting_library_function           0x080003a7   Thumb Code     0  indicate_semi.o(.text)
    Compute_CRC8                             0x080003a9   Thumb Code   174  ds18b20.o(.text.Compute_CRC8)
    DHT22_ReadBit                            0x08000459   Thumb Code    76  dht22.o(.text.DHT22_ReadBit)
    DHT22_ReadByte                           0x080004a5   Thumb Code    72  dht22.o(.text.DHT22_ReadByte)
    DHT22_Start                              0x080004ed   Thumb Code    50  dht22.o(.text.DHT22_Start)
    DelayMicro                               0x08000521   Thumb Code    48  delay.o(.text.DelayMicro)
    GPIO_Init                                0x08000551   Thumb Code    58  gpio_init.o(.text.GPIO_Init)
    I2C_Init                                 0x0800058d   Thumb Code   206  i2c.o(.text.I2C_Init)
    I2C_ReadData                             0x0800065d   Thumb Code   464  i2c.o(.text.I2C_ReadData)
    I2C_WriteData                            0x0800082d   Thumb Code   290  i2c.o(.text.I2C_WriteData)
    OLED_Clear                               0x08000951   Thumb Code   206  ssd1306.o(.text.OLED_Clear)
    OLED_FillBuffer                          0x08000a21   Thumb Code   308  ssd1306.o(.text.OLED_FillBuffer)
    OLED_Init                                0x08000b55   Thumb Code   132  ssd1306.o(.text.OLED_Init)
    OLED_Reset                               0x08000bd9   Thumb Code    82  ssd1306.o(.text.OLED_Reset)
    OLED_SendBuffer                          0x08000c2d   Thumb Code    24  ssd1306.o(.text.OLED_SendBuffer)
    OLED_SendByte                            0x08000c45   Thumb Code   228  ssd1306.o(.text.OLED_SendByte)
    PrintSymbols                             0x08000d29   Thumb Code   202  main.o(.text.PrintSymbols)
    SysTick_Handler                          0x08000f75   Thumb Code    16  delay.o(.text.SysTick_Handler)
    SystemInit                               0x08000f85   Thumb Code   102  system_stm32f10x.o(.text.SystemInit)
    bmp280_compensate_P_int64                0x08001031   Thumb Code   524  main.o(.text.bmp280_compensate_P_int64)
    bmp280_compensate_T_int32                0x0800123d   Thumb Code    98  main.o(.text.bmp280_compensate_T_int32)
    char_to_symbol                           0x080012a1   Thumb Code   196  main.o(.text.char_to_symbol)
    count_digits                             0x08001365   Thumb Code    86  main.o(.text.count_digits)
    ds18b20_ConvertTemp                      0x080013bd   Thumb Code    52  ds18b20.o(.text.ds18b20_ConvertTemp)
    ds18b20_Init_R12                         0x080013f1   Thumb Code    66  ds18b20.o(.text.ds18b20_Init_R12)
    ds18b20_MatchRom                         0x08001435   Thumb Code    64  ds18b20.o(.text.ds18b20_MatchRom)
    ds18b20_PortInit                         0x08001475   Thumb Code    50  ds18b20.o(.text.ds18b20_PortInit)
    ds18b20_ReadBit                          0x080014a9   Thumb Code    78  ds18b20.o(.text.ds18b20_ReadBit)
    ds18b20_ReadByte                         0x080014f9   Thumb Code    70  ds18b20.o(.text.ds18b20_ReadByte)
    ds18b20_ReadROM                          0x08001541   Thumb Code    64  ds18b20.o(.text.ds18b20_ReadROM)
    ds18b20_ReadStratchpad                   0x08001581   Thumb Code    98  ds18b20.o(.text.ds18b20_ReadStratchpad)
    ds18b20_Reset                            0x080015e5   Thumb Code    80  ds18b20.o(.text.ds18b20_Reset)
    ds18b20_WriteBit                         0x08001635   Thumb Code    68  ds18b20.o(.text.ds18b20_WriteBit)
    ds18b20_WriteByte                        0x08001679   Thumb Code    68  ds18b20.o(.text.ds18b20_WriteByte)
    float_to_string                          0x080016bd   Thumb Code   270  main.o(.text.float_to_string)
    main                                     0x080017cd   Thumb Code  1324  main.o(.text.main)
    __aeabi_d2f                              0x08001cf9   Thumb Code     0  d2f.o(x$fpl$d2f)
    _d2f                                     0x08001cf9   Thumb Code    98  d2f.o(x$fpl$d2f)
    __aeabi_dadd                             0x08001d5d   Thumb Code     0  daddsub_clz.o(x$fpl$dadd)
    _dadd                                    0x08001d5d   Thumb Code   332  daddsub_clz.o(x$fpl$dadd)
    __aeabi_ddiv                             0x08001ead   Thumb Code     0  ddiv.o(x$fpl$ddiv)
    _ddiv                                    0x08001ead   Thumb Code   556  ddiv.o(x$fpl$ddiv)
    __aeabi_i2d                              0x08002161   Thumb Code     0  dflt_clz.o(x$fpl$dflt)
    _dflt                                    0x08002161   Thumb Code    46  dflt_clz.o(x$fpl$dflt)
    __aeabi_ui2d                             0x0800218f   Thumb Code     0  dflt_clz.o(x$fpl$dfltu)
    _dfltu                                   0x0800218f   Thumb Code    38  dflt_clz.o(x$fpl$dfltu)
    __aeabi_dmul                             0x080021b5   Thumb Code     0  dmul.o(x$fpl$dmul)
    _dmul                                    0x080021b5   Thumb Code   332  dmul.o(x$fpl$dmul)
    __fpl_dnaninf                            0x08002309   Thumb Code   156  dnaninf.o(x$fpl$dnaninf)
    __fpl_dretinf                            0x080023a5   Thumb Code    12  dretinf.o(x$fpl$dretinf)
    __aeabi_dsub                             0x080023b1   Thumb Code     0  daddsub_clz.o(x$fpl$dsub)
    _dsub                                    0x080023b1   Thumb Code   472  daddsub_clz.o(x$fpl$dsub)
    __aeabi_fadd                             0x0800258d   Thumb Code     0  faddsub_clz.o(x$fpl$fadd)
    _fadd                                    0x0800258d   Thumb Code   196  faddsub_clz.o(x$fpl$fadd)
    __aeabi_fdiv                             0x08002651   Thumb Code     0  fdiv.o(x$fpl$fdiv)
    _fdiv                                    0x08002651   Thumb Code   384  fdiv.o(x$fpl$fdiv)
    __aeabi_f2iz                             0x080027d5   Thumb Code     0  ffix.o(x$fpl$ffix)
    _ffix                                    0x080027d5   Thumb Code    54  ffix.o(x$fpl$ffix)
    __aeabi_i2f                              0x0800280d   Thumb Code     0  fflt_clz.o(x$fpl$fflt)
    _fflt                                    0x0800280d   Thumb Code    48  fflt_clz.o(x$fpl$fflt)
    __aeabi_fmul                             0x0800283d   Thumb Code     0  fmul.o(x$fpl$fmul)
    _fmul                                    0x0800283d   Thumb Code   258  fmul.o(x$fpl$fmul)
    __fpl_fnaninf                            0x0800293f   Thumb Code   140  fnaninf.o(x$fpl$fnaninf)
    __fpl_fretinf                            0x080029cb   Thumb Code    10  fretinf.o(x$fpl$fretinf)
    __aeabi_fsub                             0x080029d5   Thumb Code     0  faddsub_clz.o(x$fpl$fsub)
    _fsub                                    0x080029d5   Thumb Code   234  faddsub_clz.o(x$fpl$fsub)
    __I$use$fp                               0x08002abe   Number         0  usenofp.o(x$fpl$usenofp)
    Region$$Table$$Base                      0x08002ac0   Number         0  anon$$obj.o(Region$$Table)
    Region$$Table$$Limit                     0x08002ae0   Number         0  anon$$obj.o(Region$$Table)
    HexSym                                   0x20000000   Data         152  ssd1306.o(.data.HexSym)
    Sym_0                                    0x20000098   Data           6  ssd1306.o(.data.Sym_0)
    Sym_1                                    0x2000009e   Data           6  ssd1306.o(.data.Sym_1)
    Sym_2                                    0x200000a4   Data           6  ssd1306.o(.data.Sym_2)
    Sym_3                                    0x200000aa   Data           6  ssd1306.o(.data.Sym_3)
    Sym_4                                    0x200000b0   Data           6  ssd1306.o(.data.Sym_4)
    Sym_5                                    0x200000b6   Data           6  ssd1306.o(.data.Sym_5)
    Sym_6                                    0x200000bc   Data           6  ssd1306.o(.data.Sym_6)
    Sym_7                                    0x200000c2   Data           6  ssd1306.o(.data.Sym_7)
    Sym_8                                    0x200000c8   Data           6  ssd1306.o(.data.Sym_8)
    Sym_9                                    0x200000ce   Data           6  ssd1306.o(.data.Sym_9)
    Sym_A                                    0x200000d4   Data           6  ssd1306.o(.data.Sym_A)
    Sym_B                                    0x200000da   Data           6  ssd1306.o(.data.Sym_B)
    Sym_C                                    0x200000e0   Data           6  ssd1306.o(.data.Sym_C)
    Sym_D                                    0x200000e6   Data           6  ssd1306.o(.data.Sym_D)
    Sym_E                                    0x200000ec   Data           6  ssd1306.o(.data.Sym_E)
    Sym_Grad                                 0x200000f2   Data           3  ssd1306.o(.data.Sym_Grad)
    Sym_Point                                0x200000f5   Data           2  ssd1306.o(.data.Sym_Point)
    Sym_SmallA                               0x200000f7   Data           5  ssd1306.o(.data.Sym_SmallA)
    Sym_T                                    0x200000fc   Data           6  ssd1306.o(.data.Sym_T)
    SystemCoreClock                          0x20000104   Data           4  system_stm32f10x.o(.data.SystemCoreClock)
    __libspace_start                         0x20000108   Data          96  libspace.o(.bss)
    OLED_BuffOut                             0x20000168   Data        1024  ssd1306.o(.bss.OLED_BuffOut)
    __temporary_stack_top$libspace           0x20000168   Data           0  libspace.o(.bss)
    adc_P                                    0x20000568   Data           4  main.o(.bss.adc_P)
    adc_T                                    0x2000056c   Data           4  main.o(.bss.adc_T)
    bmp280_temp                              0x20000570   Data           4  main.o(.bss.bmp280_temp)
    dht22_data                               0x20000574   Data           5  main.o(.bss.dht22_data)
    hum                                      0x2000057c   Data           4  main.o(.bss.hum)
    msTicks                                  0x20000580   Data           4  delay.o(.bss.msTicks)
    pressure                                 0x20000584   Data           4  main.o(.bss.pressure)
    raw_temp                                 0x20000588   Data           2  main.o(.bss.raw_temp)
    temp                                     0x2000058c   Data           4  main.o(.bss.temp)
    temp_dht22                               0x20000590   Data           4  main.o(.bss.temp_dht22)



==============================================================================

Memory Map of the image

  Image Entry point : 0x08000189

  Load Region LR_1 (Base: 0x08000000, Size: 0x00002be8, Max: 0xffffffff, ABSOLUTE)

    Execution Region ER_RO (Exec base: 0x08000000, Load base: 0x08000000, Size: 0x00002ae0, Max: 0xffffffff, ABSOLUTE)

    Exec Addr    Load Addr    Size         Type   Attr      Idx    E Section Name        Object

    0x08000000   0x08000000   0x000000ec   Data   RO          176    RESET               startup_stm32f10x_md.o
    0x080000ec   0x080000ec   0x00000008   Code   RO          208  * !!!main             c_w.l(__main.o)
    0x080000f4   0x080000f4   0x00000034   Code   RO          436    !!!scatter          c_w.l(__scatter.o)
    0x08000128   0x08000128   0x0000001a   Code   RO          438    !!handler_copy      c_w.l(__scatter_copy.o)
    0x08000142   0x08000142   0x00000002   PAD
    0x08000144   0x08000144   0x0000001c   Code   RO          440    !!handler_zi        c_w.l(__scatter_zi.o)
    0x08000160   0x08000160   0x00000002   Code   RO          298    .ARM.Collect$$libinit$$00000000  c_w.l(libinit.o)
    0x08000162   0x08000162   0x00000000   Code   RO          311    .ARM.Collect$$libinit$$00000002  c_w.l(libinit2.o)
    0x08000162   0x08000162   0x00000000   Code   RO          313    .ARM.Collect$$libinit$$00000004  c_w.l(libinit2.o)
    0x08000162   0x08000162   0x00000000   Code   RO          315    .ARM.Collect$$libinit$$00000006  c_w.l(libinit2.o)
    0x08000162   0x08000162   0x00000000   Code   RO          318    .ARM.Collect$$libinit$$0000000C  c_w.l(libinit2.o)
    0x08000162   0x08000162   0x00000000   Code   RO          320    .ARM.Collect$$libinit$$0000000E  c_w.l(libinit2.o)
    0x08000162   0x08000162   0x00000000   Code   RO          322    .ARM.Collect$$libinit$$00000010  c_w.l(libinit2.o)
    0x08000162   0x08000162   0x00000000   Code   RO          325    .ARM.Collect$$libinit$$00000013  c_w.l(libinit2.o)
    0x08000162   0x08000162   0x00000000   Code   RO          327    .ARM.Collect$$libinit$$00000015  c_w.l(libinit2.o)
    0x08000162   0x08000162   0x00000000   Code   RO          329    .ARM.Collect$$libinit$$00000017  c_w.l(libinit2.o)
    0x08000162   0x08000162   0x00000000   Code   RO          331    .ARM.Collect$$libinit$$00000019  c_w.l(libinit2.o)
    0x08000162   0x08000162   0x00000000   Code   RO          333    .ARM.Collect$$libinit$$0000001B  c_w.l(libinit2.o)
    0x08000162   0x08000162   0x00000000   Code   RO          335    .ARM.Collect$$libinit$$0000001D  c_w.l(libinit2.o)
    0x08000162   0x08000162   0x00000000   Code   RO          337    .ARM.Collect$$libinit$$0000001F  c_w.l(libinit2.o)
    0x08000162   0x08000162   0x00000000   Code   RO          339    .ARM.Collect$$libinit$$00000021  c_w.l(libinit2.o)
    0x08000162   0x08000162   0x00000000   Code   RO          341    .ARM.Collect$$libinit$$00000023  c_w.l(libinit2.o)
    0x08000162   0x08000162   0x00000000   Code   RO          343    .ARM.Collect$$libinit$$00000025  c_w.l(libinit2.o)
    0x08000162   0x08000162   0x00000000   Code   RO          345    .ARM.Collect$$libinit$$00000027  c_w.l(libinit2.o)
    0x08000162   0x08000162   0x00000000   Code   RO          349    .ARM.Collect$$libinit$$0000002E  c_w.l(libinit2.o)
    0x08000162   0x08000162   0x00000000   Code   RO          351    .ARM.Collect$$libinit$$00000030  c_w.l(libinit2.o)
    0x08000162   0x08000162   0x00000000   Code   RO          353    .ARM.Collect$$libinit$$00000032  c_w.l(libinit2.o)
    0x08000162   0x08000162   0x00000000   Code   RO          355    .ARM.Collect$$libinit$$00000034  c_w.l(libinit2.o)
    0x08000162   0x08000162   0x00000002   Code   RO          356    .ARM.Collect$$libinit$$00000035  c_w.l(libinit2.o)
    0x08000164   0x08000164   0x00000002   Code   RO          391    .ARM.Collect$$libshutdown$$00000000  c_w.l(libshutdown.o)
    0x08000166   0x08000166   0x00000000   Code   RO          419    .ARM.Collect$$libshutdown$$00000002  c_w.l(libshutdown2.o)
    0x08000166   0x08000166   0x00000000   Code   RO          421    .ARM.Collect$$libshutdown$$00000004  c_w.l(libshutdown2.o)
    0x08000166   0x08000166   0x00000000   Code   RO          424    .ARM.Collect$$libshutdown$$00000007  c_w.l(libshutdown2.o)
    0x08000166   0x08000166   0x00000000   Code   RO          427    .ARM.Collect$$libshutdown$$0000000A  c_w.l(libshutdown2.o)
    0x08000166   0x08000166   0x00000000   Code   RO          429    .ARM.Collect$$libshutdown$$0000000C  c_w.l(libshutdown2.o)
    0x08000166   0x08000166   0x00000000   Code   RO          432    .ARM.Collect$$libshutdown$$0000000F  c_w.l(libshutdown2.o)
    0x08000166   0x08000166   0x00000002   Code   RO          433    .ARM.Collect$$libshutdown$$00000010  c_w.l(libshutdown2.o)
    0x08000168   0x08000168   0x00000000   Code   RO          252    .ARM.Collect$$rtentry$$00000000  c_w.l(__rtentry.o)
    0x08000168   0x08000168   0x00000000   Code   RO          269    .ARM.Collect$$rtentry$$00000002  c_w.l(__rtentry2.o)
    0x08000168   0x08000168   0x00000006   Code   RO          281    .ARM.Collect$$rtentry$$00000004  c_w.l(__rtentry4.o)
    0x0800016e   0x0800016e   0x00000000   Code   RO          271    .ARM.Collect$$rtentry$$00000009  c_w.l(__rtentry2.o)
    0x0800016e   0x0800016e   0x00000004   Code   RO          272    .ARM.Collect$$rtentry$$0000000A  c_w.l(__rtentry2.o)
    0x08000172   0x08000172   0x00000000   Code   RO          274    .ARM.Collect$$rtentry$$0000000C  c_w.l(__rtentry2.o)
    0x08000172   0x08000172   0x00000008   Code   RO          275    .ARM.Collect$$rtentry$$0000000D  c_w.l(__rtentry2.o)
    0x0800017a   0x0800017a   0x00000002   Code   RO          302    .ARM.Collect$$rtexit$$00000000  c_w.l(rtexit.o)
    0x0800017c   0x0800017c   0x00000000   Code   RO          362    .ARM.Collect$$rtexit$$00000002  c_w.l(rtexit2.o)
    0x0800017c   0x0800017c   0x00000004   Code   RO          363    .ARM.Collect$$rtexit$$00000003  c_w.l(rtexit2.o)
    0x08000180   0x08000180   0x00000006   Code   RO          364    .ARM.Collect$$rtexit$$00000004  c_w.l(rtexit2.o)
    0x08000186   0x08000186   0x00000002   PAD
    0x08000188   0x08000188   0x00000040   Code   RO          177  * .text               startup_stm32f10x_md.o
    0x080001c8   0x080001c8   0x00000074   Code   RO          202    .text               c_w.l(llsdiv.o)
    0x0800023c   0x0800023c   0x00000006   Code   RO          206    .text               c_w.l(heapauxi.o)
    0x08000242   0x08000242   0x000000f0   Code   RO          257    .text               c_w.l(lludivv7m.o)
    0x08000332   0x08000332   0x0000004a   Code   RO          285    .text               c_w.l(sys_stackheap_outer.o)
    0x0800037c   0x0800037c   0x00000012   Code   RO          287    .text               c_w.l(exit.o)
    0x0800038e   0x0800038e   0x00000002   PAD
    0x08000390   0x08000390   0x00000008   Code   RO          299    .text               c_w.l(libspace.o)
    0x08000398   0x08000398   0x0000000c   Code   RO          357    .text               c_w.l(sys_exit.o)
    0x080003a4   0x080003a4   0x00000002   Code   RO          380    .text               c_w.l(use_no_semi.o)
    0x080003a6   0x080003a6   0x00000000   Code   RO          382    .text               c_w.l(indicate_semi.o)
    0x080003a6   0x080003a6   0x00000002   PAD
    0x080003a8   0x080003a8   0x000000ae   Code   RO          143    .text.Compute_CRC8  ds18b20.o
    0x08000456   0x08000456   0x00000002   PAD
    0x08000458   0x08000458   0x0000004c   Code   RO          164    .text.DHT22_ReadBit  dht22.o
    0x080004a4   0x080004a4   0x00000048   Code   RO          166    .text.DHT22_ReadByte  dht22.o
    0x080004ec   0x080004ec   0x00000032   Code   RO          160    .text.DHT22_Start   dht22.o
    0x0800051e   0x0800051e   0x00000002   PAD
    0x08000520   0x08000520   0x00000030   Code   RO          107    .text.DelayMicro    delay.o
    0x08000550   0x08000550   0x0000003a   Code   RO          152    .text.GPIO_Init     gpio_init.o
    0x0800058a   0x0800058a   0x00000002   PAD
    0x0800058c   0x0800058c   0x000000ce   Code   RO           42    .text.I2C_Init      i2c.o
    0x0800065a   0x0800065a   0x00000002   PAD
    0x0800065c   0x0800065c   0x000001d0   Code   RO           46    .text.I2C_ReadData  i2c.o
    0x0800082c   0x0800082c   0x00000122   Code   RO           44    .text.I2C_WriteData  i2c.o
    0x0800094e   0x0800094e   0x00000002   PAD
    0x08000950   0x08000950   0x000000ce   Code   RO           61    .text.OLED_Clear    ssd1306.o
    0x08000a1e   0x08000a1e   0x00000002   PAD
    0x08000a20   0x08000a20   0x00000134   Code   RO           67    .text.OLED_FillBuffer  ssd1306.o
    0x08000b54   0x08000b54   0x00000084   Code   RO           57    .text.OLED_Init     ssd1306.o
    0x08000bd8   0x08000bd8   0x00000052   Code   RO           55    .text.OLED_Reset    ssd1306.o
    0x08000c2a   0x08000c2a   0x00000002   PAD
    0x08000c2c   0x08000c2c   0x00000018   Code   RO           75    .text.OLED_SendBuffer  ssd1306.o
    0x08000c44   0x08000c44   0x000000e4   Code   RO           59    .text.OLED_SendByte  ssd1306.o
    0x08000d28   0x08000d28   0x000000ca   Code   RO           14    .text.PrintSymbols  main.o
    0x08000df2   0x08000df2   0x00000002   PAD
    0x08000df4   0x08000df4   0x00000008   Code   RO          186    .text.SetSysClock   system_stm32f10x.o
    0x08000dfc   0x08000dfc   0x00000122   Code   RO          190    .text.SetSysClockTo72  system_stm32f10x.o
    0x08000f1e   0x08000f1e   0x00000002   PAD
    0x08000f20   0x08000f20   0x00000052   Code   RO           18    .text.SysTick_Config  main.o
    0x08000f72   0x08000f72   0x00000002   PAD
    0x08000f74   0x08000f74   0x00000010   Code   RO          105    .text.SysTick_Handler  delay.o
    0x08000f84   0x08000f84   0x00000066   Code   RO          184    .text.SystemInit    system_stm32f10x.o
    0x08000fea   0x08000fea   0x00000002   PAD
    0x08000fec   0x08000fec   0x00000042   Code   RO           20    .text.__NVIC_SetPriority  main.o
    0x0800102e   0x0800102e   0x00000002   PAD
    0x08001030   0x08001030   0x0000020c   Code   RO            6    .text.bmp280_compensate_P_int64  main.o
    0x0800123c   0x0800123c   0x00000062   Code   RO            4    .text.bmp280_compensate_T_int32  main.o
    0x0800129e   0x0800129e   0x00000002   PAD
    0x080012a0   0x080012a0   0x000000c4   Code   RO           12    .text.char_to_symbol  main.o
    0x08001364   0x08001364   0x00000056   Code   RO            8    .text.count_digits  main.o
    0x080013ba   0x080013ba   0x00000002   PAD
    0x080013bc   0x080013bc   0x00000034   Code   RO          137    .text.ds18b20_ConvertTemp  ds18b20.o
    0x080013f0   0x080013f0   0x00000042   Code   RO          135    .text.ds18b20_Init_R12  ds18b20.o
    0x08001432   0x08001432   0x00000002   PAD
    0x08001434   0x08001434   0x00000040   Code   RO          131    .text.ds18b20_MatchRom  ds18b20.o
    0x08001474   0x08001474   0x00000032   Code   RO          119    .text.ds18b20_PortInit  ds18b20.o
    0x080014a6   0x080014a6   0x00000002   PAD
    0x080014a8   0x080014a8   0x0000004e   Code   RO          123    .text.ds18b20_ReadBit  ds18b20.o
    0x080014f6   0x080014f6   0x00000002   PAD
    0x080014f8   0x080014f8   0x00000046   Code   RO          125    .text.ds18b20_ReadByte  ds18b20.o
    0x0800153e   0x0800153e   0x00000002   PAD
    0x08001540   0x08001540   0x00000040   Code   RO          141    .text.ds18b20_ReadROM  ds18b20.o
    0x08001580   0x08001580   0x00000062   Code   RO          139    .text.ds18b20_ReadStratchpad  ds18b20.o
    0x080015e2   0x080015e2   0x00000002   PAD
    0x080015e4   0x080015e4   0x00000050   Code   RO          121    .text.ds18b20_Reset  ds18b20.o
    0x08001634   0x08001634   0x00000044   Code   RO          127    .text.ds18b20_WriteBit  ds18b20.o
    0x08001678   0x08001678   0x00000044   Code   RO          129    .text.ds18b20_WriteByte  ds18b20.o
    0x080016bc   0x080016bc   0x0000010e   Code   RO           10    .text.float_to_string  main.o
    0x080017ca   0x080017ca   0x00000002   PAD
    0x080017cc   0x080017cc   0x0000052c   Code   RO           16    .text.main          main.o
    0x08001cf8   0x08001cf8   0x00000062   Code   RO          210    x$fpl$d2f           fz_ws.l(d2f.o)
    0x08001d5a   0x08001d5a   0x00000002   PAD
    0x08001d5c   0x08001d5c   0x00000150   Code   RO          212    x$fpl$dadd          fz_ws.l(daddsub_clz.o)
    0x08001eac   0x08001eac   0x000002b4   Code   RO          219    x$fpl$ddiv          fz_ws.l(ddiv.o)
    0x08002160   0x08002160   0x0000002e   Code   RO          223    x$fpl$dflt          fz_ws.l(dflt_clz.o)
    0x0800218e   0x0800218e   0x00000026   Code   RO          222    x$fpl$dfltu         fz_ws.l(dflt_clz.o)
    0x080021b4   0x080021b4   0x00000154   Code   RO          228    x$fpl$dmul          fz_ws.l(dmul.o)
    0x08002308   0x08002308   0x0000009c   Code   RO          259    x$fpl$dnaninf       fz_ws.l(dnaninf.o)
    0x080023a4   0x080023a4   0x0000000c   Code   RO          261    x$fpl$dretinf       fz_ws.l(dretinf.o)
    0x080023b0   0x080023b0   0x000001dc   Code   RO          214    x$fpl$dsub          fz_ws.l(daddsub_clz.o)
    0x0800258c   0x0800258c   0x000000c4   Code   RO          230    x$fpl$fadd          fz_ws.l(faddsub_clz.o)
    0x08002650   0x08002650   0x00000184   Code   RO          237    x$fpl$fdiv          fz_ws.l(fdiv.o)
    0x080027d4   0x080027d4   0x00000036   Code   RO          240    x$fpl$ffix          fz_ws.l(ffix.o)
    0x0800280a   0x0800280a   0x00000002   PAD
    0x0800280c   0x0800280c   0x00000030   Code   RO          245    x$fpl$fflt          fz_ws.l(fflt_clz.o)
    0x0800283c   0x0800283c   0x00000102   Code   RO          250    x$fpl$fmul          fz_ws.l(fmul.o)
    0x0800293e   0x0800293e   0x0000008c   Code   RO          263    x$fpl$fnaninf       fz_ws.l(fnaninf.o)
    0x080029ca   0x080029ca   0x0000000a   Code   RO          265    x$fpl$fretinf       fz_ws.l(fretinf.o)
    0x080029d4   0x080029d4   0x000000ea   Code   RO          232    x$fpl$fsub          fz_ws.l(faddsub_clz.o)
    0x08002abe   0x08002abe   0x00000000   Code   RO          267    x$fpl$usenofp       fz_ws.l(usenofp.o)
    0x08002abe   0x08002abe   0x00000002   PAD
    0x08002ac0   0x08002ac0   0x00000020   Data   RO          435    Region$$Table       anon$$obj.o


    Execution Region ER_RW (Exec base: 0x20000000, Load base: 0x08002ae0, Size: 0x00000108, Max: 0xffffffff, ABSOLUTE)

    Exec Addr    Load Addr    Size         Type   Attr      Idx    E Section Name        Object

    0x20000000   0x08002ae0   0x00000098   Data   RW           97    .data.HexSym        ssd1306.o
    0x20000098   0x08002b78   0x00000006   Data   RW           78    .data.Sym_0         ssd1306.o
    0x2000009e   0x08002b7e   0x00000006   Data   RW           79    .data.Sym_1         ssd1306.o
    0x200000a4   0x08002b84   0x00000006   Data   RW           80    .data.Sym_2         ssd1306.o
    0x200000aa   0x08002b8a   0x00000006   Data   RW           81    .data.Sym_3         ssd1306.o
    0x200000b0   0x08002b90   0x00000006   Data   RW           82    .data.Sym_4         ssd1306.o
    0x200000b6   0x08002b96   0x00000006   Data   RW           83    .data.Sym_5         ssd1306.o
    0x200000bc   0x08002b9c   0x00000006   Data   RW           84    .data.Sym_6         ssd1306.o
    0x200000c2   0x08002ba2   0x00000006   Data   RW           85    .data.Sym_7         ssd1306.o
    0x200000c8   0x08002ba8   0x00000006   Data   RW           86    .data.Sym_8         ssd1306.o
    0x200000ce   0x08002bae   0x00000006   Data   RW           87    .data.Sym_9         ssd1306.o
    0x200000d4   0x08002bb4   0x00000006   Data   RW           88    .data.Sym_A         ssd1306.o
    0x200000da   0x08002bba   0x00000006   Data   RW           89    .data.Sym_B         ssd1306.o
    0x200000e0   0x08002bc0   0x00000006   Data   RW           90    .data.Sym_C         ssd1306.o
    0x200000e6   0x08002bc6   0x00000006   Data   RW           91    .data.Sym_D         ssd1306.o
    0x200000ec   0x08002bcc   0x00000006   Data   RW           92    .data.Sym_E         ssd1306.o
    0x200000f2   0x08002bd2   0x00000003   Data   RW           95    .data.Sym_Grad      ssd1306.o
    0x200000f5   0x08002bd5   0x00000002   Data   RW           94    .data.Sym_Point     ssd1306.o
    0x200000f7   0x08002bd7   0x00000005   Data   RW           96    .data.Sym_SmallA    ssd1306.o
    0x200000fc   0x08002bdc   0x00000006   Data   RW           93    .data.Sym_T         ssd1306.o
    0x20000102   0x08002be2   0x00000002   PAD
    0x20000104   0x08002be4   0x00000004   Data   RW          192    .data.SystemCoreClock  system_stm32f10x.o


    Execution Region ER_ZI (Exec base: 0x20000108, Load base: 0x08002be8, Size: 0x00000a90, Max: 0xffffffff, ABSOLUTE)

    Exec Addr    Load Addr    Size         Type   Attr      Idx    E Section Name        Object

    0x20000108        -       0x00000060   Zero   RW          300    .bss                c_w.l(libspace.o)
    0x20000168        -       0x00000400   Zero   RW           77    .bss.OLED_BuffOut   ssd1306.o
    0x20000568        -       0x00000004   Zero   RW           30    .bss.adc_P          main.o
    0x2000056c        -       0x00000004   Zero   RW           31    .bss.adc_T          main.o
    0x20000570        -       0x00000004   Zero   RW           32    .bss.bmp280_temp    main.o
    0x20000574        -       0x00000005   Zero   RW           24    .bss.dht22_data     main.o
    0x20000579   0x08002be8   0x00000003   PAD
    0x2000057c        -       0x00000004   Zero   RW           22    .bss.hum            main.o
    0x20000580        -       0x00000004   Zero   RW          111    .bss.msTicks        delay.o
    0x20000584        -       0x00000004   Zero   RW           33    .bss.pressure       main.o
    0x20000588        -       0x00000002   Zero   RW           28    .bss.raw_temp       main.o
    0x2000058a   0x08002be8   0x00000002   PAD
    0x2000058c        -       0x00000004   Zero   RW           29    .bss.temp           main.o
    0x20000590        -       0x00000004   Zero   RW           23    .bss.temp_dht22     main.o
    0x20000594   0x08002be8   0x00000004   PAD
    0x20000598        -       0x00000200   Zero   RW          175    HEAP                startup_stm32f10x_md.o
    0x20000798        -       0x00000400   Zero   RW          174    STACK               startup_stm32f10x_md.o


==============================================================================

Image component sizes


      Code (inc. data)   RO Data    RW Data    ZI Data      Debug   Object Name

        64          0          0          0          4        812   delay.o
       198          0          0          0          0       1343   dht22.o
       932          0          0          0          0       3424   ds18b20.o
        58          0          0          0          0        979   gpio_init.o
       960          0          0          0          0       2506   i2c.o
      2848         12          0          0         35       7677   main.o
       980          0          0        258       1024       5077   ssd1306.o
        64         26        236          0       1536        820   startup_stm32f10x_md.o
       400          0          0          4          0       2849   system_stm32f10x.o

    ----------------------------------------------------------------------
      6544         38        268        264       2608      25487   Object Totals
         0          0         32          0          0          0   (incl. Generated)
        40          0          0          2          9          0   (incl. Padding)

    ----------------------------------------------------------------------

      Code (inc. data)   RO Data    RW Data    ZI Data      Debug   Library Member Name

         8          0          0          0          0         68   __main.o
         0          0          0          0          0          0   __rtentry.o
        12          0          0          0          0          0   __rtentry2.o
         6          0          0          0          0          0   __rtentry4.o
        52          8          0          0          0          0   __scatter.o
        26          0          0          0          0          0   __scatter_copy.o
        28          0          0          0          0          0   __scatter_zi.o
        18          0          0          0          0         80   exit.o
         6          0          0          0          0        152   heapauxi.o
         0          0          0          0          0          0   indicate_semi.o
         2          0          0          0          0          0   libinit.o
         2          0          0          0          0          0   libinit2.o
         2          0          0          0          0          0   libshutdown.o
         2          0          0          0          0          0   libshutdown2.o
         8          4          0          0         96         68   libspace.o
       116          0          0          0          0         84   llsdiv.o
       240          0          0          0          0        100   lludivv7m.o
         2          0          0          0          0          0   rtexit.o
        10          0          0          0          0          0   rtexit2.o
        12          4          0          0          0         68   sys_exit.o
        74          0          0          0          0         80   sys_stackheap_outer.o
         2          0          0          0          0         68   use_no_semi.o
        98          4          0          0          0         92   d2f.o
       812         16          0          0          0        296   daddsub_clz.o
       692        140          0          0          0        216   ddiv.o
        84          0          0          0          0        136   dflt_clz.o
       340         12          0          0          0        104   dmul.o
       156          4          0          0          0         92   dnaninf.o
        12          0          0          0          0         68   dretinf.o
       430          8          0          0          0        168   faddsub_clz.o
       388         76          0          0          0         96   fdiv.o
        54          4          0          0          0         84   ffix.o
        48          0          0          0          0         68   fflt_clz.o
       258          4          0          0          0         84   fmul.o
       140          4          0          0          0         84   fnaninf.o
        10          0          0          0          0         68   fretinf.o
         0          0          0          0          0          0   usenofp.o

    ----------------------------------------------------------------------
      4164        288          0          0         96       2424   Library Totals
        14          0          0          0          0          0   (incl. Padding)

    ----------------------------------------------------------------------

      Code (inc. data)   RO Data    RW Data    ZI Data      Debug   Library Name

       628         16          0          0         96        768   c_w.l
      3522        272          0          0          0       1656   fz_ws.l

    ----------------------------------------------------------------------
      4164        288          0          0         96       2424   Library Totals

    ----------------------------------------------------------------------

==============================================================================


      Code (inc. data)   RO Data    RW Data    ZI Data      Debug   

     10708        326        268        264       2704      26675   Grand Totals
     10708        326        268        264       2704      26675   ELF Image Totals
     10708        326        268        264          0          0   ROM Totals

==============================================================================

    Total RO  Size (Code + RO Data)                10976 (  10.72kB)
    Total RW  Size (RW Data + ZI Data)              2968 (   2.90kB)
    Total ROM Size (Code + RO Data + RW Data)      11240 (  10.98kB)

==============================================================================

